__/anotherpage
__/test
__admin
__app
__backup
__cache/
__class__.yaml
__config
__console.log
__content
__data
__debug__
__docs__
__documents
__dummy.html
__history/
__index
__init__.py
__MACOSX
__mysql_errors.log
__namespace__.yaml
__pma___
__pycache__/
__recovery/
__services
__shared
__SQL
__system__
__template
__templates
__tools
__uploads
__users
_.htpasswd
_/activities
_/health
_about
_abs
_action
_actions
_activate
_activex
_addons
_addproduct
_address
_addtocart
_adm
_admin
_admin_
_admin.html
_admin/
_Admin/
_admincp
_administracion
_administration
_adminpages
_adpage
_ads
_adserver
_adtest
_adv
_advanced
_advertise
_advertising
_aff
_affiliate
_affinoversion
_ah
_ah/background
_ah/bounce
_ah/counter
_ah/health
_ah/mail/
_ah/queue/apply-changes
_ah/queue/retire-bid
_ah/queue/retire-tx
_ah/remote_api
_ah/start
_ah/stop
_ah/warmup
_ah/xmpp/message/chat/
_ajax
_ajaxratings
_all_dbs
_alpha
_alsobought
_alt
_amazon
_ana
_analog
_analytics
_ani
_anim
_animations
_announcements
_antiguo
_ao
_ap
_api
_app
_app_bin
_app_code
_app_offline
_applet
_applets
_application
_applications
_apps
_archiv
_archive
_archived
_archiver
_archives
_archivos
_aree
_art
_articles
_artperpage
_ascx
_asp
_aspnet_client
_aspx
_assets
_ast
_async
_async_call
_attachments
_audio
_auth
_AuthChangeUrl
_authforms
_autoindex
_aweb
_awm_file
_awstats
_awstats_icons
_awstats/
_back
_back_up
_backend
_backoffice
_backup
_backup_
_backup_old
_backupdb
_backups
_bak
_baks
_baner
_bank
_banner
_banners
_base
_basket
_batch
_bbs
_bbtparts
_bd
_bestsell
_bet
_beta
_betterbook.yaml
_bf
_bfr_img
_bilder
_bin
_binding
_bits
_bk
_bkp
_bkup
_blank
_ble
_blnk
_blocks
_blog
_blog2
_blogs
_board
_boarders
_book
_bookings
_books
_border
_borders
_bors
_bottom
_box
_bu
_buf
_bugs
_build
_build/
_buttons
_buy
_c
_cache
_cache/
_cadastro
_cal
_calculators
_calendar
_callback
_callouts
_campaign
_campaigns
_capca
_captcha
_careers
_cart
_cartnav
_cartNav
_cat/health
_cat/indices
_catalog
_catalogs
_cc
_ccbcue
_ccn
_cdn
_cert
_cfc
_cfcs
_cfg
_cftags
_cfxtags
_cgi
_cgi_bin
_cgi-bin
_cgidata
_cgitemp
_char.sql
_chat
_chcounter
_check
_check_authen
_check_spell
_ci
_cincs
_cj
_class
_classes
_clickheat
_client
_clients
_closed
_cluster/stats
_cm_admin
_cms
_cmseditor
_cobrandpsp
_code
_colorbox
_com
_com_images
_comm
_common
_common.xsl
_comp
_company
_compile
_component
_components
_comps
_conf
_config
_config-rating
_config-rating2
_config.inc
_config.yml
_configs
_configuration
_confirm
_conflist
_conn
_connect
_connections
_console
_constants
_cont
_contact
_content
_contentindex
_contents
_contribute
_control
_controller
_controllers
_controls
_convert
_copies
_copy
_core
_counter
_counters
_countries
_cover
_cpix
_cron
_cronjobs
_crons
_crontab
_crossDomain
_cruise
_cs
_cs_apps
_cs_upload
_cs_xmlpub
_css
_css_js
_css2
_csv
_ct
_cti_pvt
_cti_txt
_cts
_ctsi
_cultural
_custom
_customer
_customtags
_cusudi
_cv
_cwtools
_d
_da
_data
_data-cached
_data.sql
_data/
_database
_database2
_databases
_dataprocessing
_date
_dave
_day
_db
_db_backup
_db_backups
_db_import
_db_interface
_db_updates
_db.sql
_dbadmin
_dbAdmin
_dbase
_de
_dealership
_debug
_debug.log
_debugbar/open
_default
_deinit
_del
_delall
_delete
_deleted
_delitem
_demo
_demosourse
_deried
_derived
_design
_designs
_detail
_details
_dev
_dev_store
_development
_devtools
_devy
_df
_diary
_diet
_dii
_directoresavfeed
_directory
_disc
_disc1
_disc2
_disc3
_disc5
_discussion
_discussion1
_disid
_display_methods
_dist_error_
_distiller
_diversen
_dlls
_dn
_dnu
_do
_doc
_Dockerfile
_docs
_documentation
_documentbank
_documents
_dokumente
_domain
_down
_download
_download_files
_downloads
_dpalogos
_draft
_drawrating
_dropdowns
_dsn
_dualpayment
_dummy
_dump
_dumper
_dwn
_DynaCacheEsi
_DynaCacheEsi/
_e
_e-alarmy
_ecards
_eccomerce_
_edit
_edit_
_edititem
_editor
_editori
_editoru
_editqty
_en
_engine
_entries
_epresence
_err
_erreurs
_erro
_error
_error_docs
_error_pages
_errordocs
_errormsg
_errorpages
_errors
_es
_estate
_estaticas
_estilos
_estore
_etc
_eumm/
_eventcalendar
_eweb
_ewebeditor
_example
_excel
_exec
_expand
_experimental
_expired
_exploits
_export
_exports_
_ext
_extensions
_extern
_external
_exthp
_extranet
_extras
_family
_faq
_fav
_fb
_fbfiles_dist
_fck
_fckeditor
_featured
_feed
_feed-comments
_feedback
_feeds
_felt
_ffp
_fields
_file
_files
_fileupload
_fla
_flash
_flashapp
_flickr
_flowplayer
_flv
_fm
_fnc
_fonc
_fonds
_font
_fonte
_fonts
_foot
_fpclass/
_framework
_frizz/
_funcion/
_funciones/
_function/
_functions/
_g
_gatools
_gestione
_gesuche
_go
_google
_gotcha
_goto
_gr
_graphics
_gsdata_
_guestbook
_gui
_h5ai/
_handlers
_hbg
_health
_healthz
_hhdocs
_hidden
_hide
_highslide
_hint
_history
_hlev
_hold
_holding
_holiday2002
_home
_homepage
_hp
_hrblock
_hrBlock
_htaccess
_htc
_html
_htmleditor
_htmlemail
_htmltemplates
_iframes
_iis_customdocs
_image
_imagenes
_imagens
_images
_img
_img_upload
_imgd
_imgs
_immediacy
_import
_imppic
_in
_inactive
_inc
_inc_
_inc_commons
_inc_special
_inc/
_incl
_include
_include/
_includes
_includes_
_includes_old
_includes/
_incs
_index
_indexation
_indices/delete
_indices/mapping
_info
_info/
_informer
_informer_
_init
_inoc
_ins
_insert
_install
_install_
_installation
_int
_interface
_intern
_internal
_internal/capabilities/
_internat
_intra
_irc
_it
_java
_java_tools
_javascript
_javascripts
_jcr_content
_jquery
_js
_jscript
_jscss
_jsgo/
_json
_jsp
_jument
_junk
_jx
_lab
_labs
_laetis
_landing
_landingLog
_landingpages
_lang
_lang_r
_language
_languages
_later
_launch
_layout
_layouts
_layouts/
_lbstatus
_ld
_left
_leftmenu
_legacy
_lenders
_lib
_libraries
_library
_libs
_licences
_license
_lightwindow
_link
_linking
_links
_list
_listings
_live
_livezilla
_lizenz
_lng
_lnk
_local
_log
_log_redirect
_log/
_logdata
_logfiles
_login
_logo
_logos
_logout
_logs
_logs/
_LPHPMYADMIN/
_mail
_mailer
_mailing
_mails
_main
_maint
_maintenance
_manage
_management
_manager
_manual
_map
_maps
_marketing
_master
_masterpages
_masters
_mdb
_me
_mecache
_meconf
_media
_mediaimages
_mediaplayer
_mediawiki
_medienid
_meiew
_mem_bin
_mem_bin/
_member
_members
_menu
_menueditor
_menues
_menus
_messages
_meta
_metadata
_mgxftp
_mgxroot
_micro
_min
_misc
_mm
_mmdbscripts
_mmDBScripts
_mmsererscripts
_mmserverscripts
_mmServerscripts
_mmServerScripts
_mmServerScripts/
_mobile
_mockup
_mod
_mod_files
_model
_modeles
_mods
_module
_modules
_modulos
_moje
_monitor
_monitor_
_monopoly
_moodle
_more
_moteur
_moya
_mrtg
_mshtml
_msptp
_mssql.sql
_mt
_mtrack
_music
_my
_myaccount
_myadmin
_mygallery
_mysererscripts
_mysql
_n
_nav
_navigation
_new
_new-design
_newcmm
_news
_news_admin_
_newses_
_newsite
_newsletter
_newsletters
_ng
_nicolasap
_nipd
_nocrawl
_nodes
_noindex
_note
_notes
_notes/
_noticias
_notify
_notinuse
_notused
_noupload
_novo
_novo/
_numbers
_nv
_objects
_obsolete
_octopress.yml
_old
_older
_oldfiles
_oldimages
_oldrandi
_oldroot
_oldsite
_oldwebsite
_ols
_omniture
_ontv
_open
_openads
_orders
_original
_out
_overlay
_overlays
_p
_packager
_page
_pagelistmenu
_pagepieces
_pages
_pagesection
_paginas
_panels
_parse
_partner
_partners
_parts
_passwords
_pay
_payment
_paypal
_pcs
_pda
_pdf
_pdfs
_pear
_pedidos
_pending
_people
_pg/
_pgs
_pgtres
_phpmyadmin
_phpmyadmin/
_ping
_pkginfo.txt
_play/
_ppadmin
_pprof
_price
_print
_printabletext
_printpage
_printPage
_priv
_priv8/
_privado/
_privados/
_private
_private/
_private1
_privateassets
_process
_process-email
_processing
_prod
_production
_profile
_profiler
_programs
_project
_projects
_promotions
_protected
_prototip
_provate
_proxy
_pruebas
_prw_
_ps
_psd
_psitemap
_pt
_pub
_public
_public_tools
_publication
_publicidad
_publish
_Pvt_Extensions
_pw
_pwa
_pwk
_qrcode
_qt
_queries
_query.php
_quit
_r2
_rade
_radio
_rainbow
_rd
_readme
_rec
_recent
_recent_
_recommend
_recovery
_recvpo
_recycler_
_redaktion
_redesign
_redir
_redirect
_redirects
_ref
_refract
_register
_reklama
_release
_remote
_remove_config.yaml
_removed
_rentals_rates
_report
_reports
_repository
_reqdis
_res
_resetp
_resizeplugin
_resource_
_resources
_restart
_restricted
_resx
_review
_reviewlist
_reviews
_revslider
_rewrite
_rfpposting
_robots
_root
_rotate
_rpc
_rss
_runtime
_s
_safe
_sales
_salesmodules
_sandbox
_sav
_save
_sbox
_schedule
_scheduler
_scr
_script
_script.js
_script.js.map
_scriptjs
_search
_self
_server
_service
_services
_sess
_sessions
_setadrs
_setship
_setsitecookie
_setsiteCookie
_settings
_setup
_share
_shared
_shared_content
_site/
_siteadmin
_siteinfo
_sitemap
_sitemap_app
_sitemaps
_sites
_siteshape
_sitewide
_sito
_skin
_skins
_skins_tmp
_sklep
_slave_01
_smarty
_sms
_snippets
_social
_sock/
_soft
_solmyr
_sounds
_source
_sources
_sp
_spam_status
_speaker
_special
_specials
_splash
_sponsor
_sponsors
_spry
_spryassets
_sql
_SQL
_sql2dsl
_sqladm
_src
_srv-msg
_ss
_ssi
_ssl
_ssl_certificate
_st
_staff
_stage
_staging
_staging_
_start
_startseite-neu-rd
_stat
_states
_static
_statistics
_stats
_stats_
_status
_stdVerband
_storage
_store
_store_taf
_stratus
_struktur
_stuff
_style
_style-guide
_styles
_stylesheets
_su
_sub
_subscribe
_suche
_summary
_superadmin
_support
_survey
_sviluppo
_svn
_swf
_swf_replacement
_swfs
_symp
_syncapp
_sys
_sys_
_sys_admin
_system
_system_
_sysutils
_ta
_tab
_tag
_task
_tasks
_tbkp
_TeamCity
_teaser
_teaserpool
_tech
_tech_includes
_tech_listings
_technik
_telechargement
_tell_a_friend
_tema
_temp
_temp_
_temp_manuelles
_temp/
_tempalbums
_tempfiles
_template
_template_assets
_template/handle
_templates
_templates_
_templates_c
_tengrinews_240x400
_terms
_test
_test_
_test20091214
_testcases
_testcases_terranc
_teste
_testing
_testpages
_tests
_testserver
_testweb
_text
_textimage
_theme
_themes
_third-party
_thumbnails
_thumbs
_thumbs/
_ti_cnf
_ti_files
_ti_pt
_ti_script
_ti_txt
_tier1_homepage
_tips
_tk
_tm
_tmp
_tmp_transaction
_tmp_war
_tmp_war_DefaultWebApp
_tmpfileop
_tmpl
_today
_todo
_tool
_toolbox
_toolkit
_tools
_top
_topnav
_tp
_tpl
_tra
_track
_tracker
_tracking
_tracks
_training
_transfer
_translation
_trash
_trust
_tutorial
_tutorials
_twitter
_txt
_uac
_uat
_ucenter
_udf
_ui
_uj_randi
_unbeatable
_unused
_unused_files
_updates
_upgradereport_files
_UpgradeReport_Files/
_uplds
_upload
_upload/template
_uploaded
_uploadedfiles
_uploadedimages
_uploader
_uploadfile
_uploads
_us
_usage
_user
_usercontrol
_usercontrols
_userfiles
_users
_usr
_utbs
_util
_utilities
_utility
_utils
_utm
_verity
_versionen
_versions
_vertrieb
_view
_views
_visa
_vozni_red
_vti_adm
_vti_adm/
_vti_admin
_vti_aut
_vti_aut/
_vti_bin
_vti_bin/
_vti_cnf
_vti_cnf/
_vti_inf.html
_vti_info.html
_vti_log
_vti_log/
_vti_pvt
_vti_pvt/
_vti_script
_vti_txt
_vti_txt/
_w
_wasm/
_watermark
_wcv
_web
_WEB_INF/
_webalizer
_webalizer/
_webdata
_webdev
_webmaster
_webservices
_webstats
_webtools
_welcome
_widget
_widgets
_wiki
_wine
_wip
_wizardimages
_wk
_work
_working
_works
_wp
_wp_generated
_wp_scripts
_wpeprivate
_wpeprivate/
_wpframe
_wpg-submissions
_wpresources
_ws
_ws/
_wui
_wuscripts
_www
_wysiwyg
_yardoc/
!.gitignore
!.htaccess
!.htpasswd
.0.zip
.1.zip
.2.zip
.7z
.access
.ackrc
.actionScriptProperties
.addressbook
.adm
.admin
.agignore
.aliases
.all-contributorsrc
.analysis_options
.angular-cli.json
.apdisk
.appveyor.yml
.arcconfig
.architect
.arclint
.arcrc
.atoum.php
.autotest
.babelrc
.babelrc.js
.badarg.log
.badsegment.log
.bak
.bak_0.log
.bash_aliases
.bash_history
.bash_logout
.bash_profile
.bash_prompt
.bashrc
.binstar.yml
.bithoundrc
.bootstraprc
.bower-cache
.bower-registry
.bower-tmp
.bower.json
.bowerrc
.brackets.json
.browserslistrc
.buckconfig
.build.sh
.buildignore
.buildpacks
.buildpath
.builds
.bumpversion.cfg
.bundle
.byebug_history
.bz2
.bzrignore
.cache
.cane
.capistrano
.cask
.catalog
.cc-ban.txt
.cc-ban.txt.bak
.cfg
.cfignore
.checkignore
.checkstyle
.clang_complete
.clang-format
.classpath
.clog.toml
.coafile
.cobalt
.cocoadocs.yml
.codacy.yml
.codeclimate.yml
.codecov.yml
.codeintel
.codekit-cache
.codio
.coffee_history
.coffeelintignore
.compile
.components
.composer
.conf
.config
.config.php.swp
.configuration.php.swp
.contracts
.cookiecutterrc
.core
.coverage
.coveragerc
.coveralls.yml
.cpan
.cproject
.credo.exs
.csdp.cache
.cshrc
.csscomb.json
.csslintrc
.csv
.CSV
.ctags
.curlrc
.cvs
.CVS
.cvsignore
.dat
.dep.inc
.depend
.deployignore
.deployment
.dir-locals.el
.directory
.divzero.log
.dockercfg
.dockerignore
.document
.drone.sec
.drone.yml
.DS_Store
.dub
.dump
.eclipse
.editorconfig
.elb
.elc
.emacs
.emacs.desktop
.emacs.desktop.lock
.ember-cli
.empty-folder
.env
.env-example
.env-sample
.env.dev
.env.development.sample
.env.dist
.env.docker.dev
.env.example
.env.php
.env.prod
.env.sample
.env.sample.php
.env.test
.env.test.sample
.env.travis
.env~
.environment
.envrc
.error_log
.esdoc.json
.esformatter
.eslintcache
.eslintignore
.eslintrc
.eslintrc.js
.eslintrc.json
.eslintrc.yaml
.eslintrc.yml
.esmtprc
.espressostorage
.eunit
.exit.log
.exports
.externalNativeBuild
.extra
.factorypath
.faultread.log
.faultreadkernel.log
.FBCIndex
.fbprefs
.fetch
.fhp
.filemgr-tmp
.filetree
.finished-upgraders
.firebaserc
.fishsrv.pl
.fixtures.yml
.flac
.flake8
.flexLibProperties
.floo
.flooignore
.flowconfig
.fontcustom-manifest.json
.foodcritic
.forktest.log
.forktree.log
.formatter.exs
.forward
.frlog
.ftp-access
.ftpconfig
.ftppass
.ftpquota
.functions
.gdbinit
.gem
.gemfile
.gemrc
.gems
.gemspec
.gemtest
.generators
.geppetto-rc.json
.ghci
.git_release
.git-credentials
.gitattributes
.gitchangelog.rc
.gitconfig
.gitignore
.gitignore_global
.gitignore.orig
.gitignore.swp
.gitignore~
.gitk
.gitkeep
.gitlab
.gitlab-ci.yml
.gitmodules
.gitreview
.godir
.golangci.yml
.goreleaser.yml
.goxc.json
.gradle
.gradletasknamecache
.groc.json
.grunt
.guile_history
.gvimrc
.gz
.hash
.hello.log
.hg
.hg_archival.txt
.hgignore
.hgignore.global
.hgrc
.hgtags
.hhconfig
.histfile
.history
.hound.yml
.hpc
.hsdoc
.hsenv
.ht_wsr.txt
.hta
.htaccess
.htaccess_extra
.htaccess_orig
.htaccess_sc
.htaccess-dev
.htaccess-local
.htaccess-marco
.htaccess.bak
.htaccess.BAK
.htaccess.bak1
.htaccess.old
.htaccess.orig
.htaccess.sample
.htaccess.save
.htaccess.txt
.htaccess~
.htaccessBAK
.htaccessOLD
.htaccessOLD2
.htgroup
.htmlhintrc
.htpasswd
.htpasswd_test
.htpasswd-old
.htpasswds
.httr-oauth
.htusers
.hushlogin
.id
.idea
.ignore
.indent.pro
.influx_history
.ini
.inputrc
.installed.cfg
.ipynb_checkpoints
.irbrc
.isort.cfg
.istanbul.yml
.java-buildpack.log
.java-version
.jazzy.yaml
.jekyll-metadata
.jenkins.sh
.jestrc
.joe_state
.jsbeautifyrc
.jscs.json
.jscsrc
.jsdoc.json
.jsdtscope
.jsfmtrc
.jshintignore
.jshintrc
.jslintrc
.JustCode
.keep
.kick
.kitchen.cloud.yml
.kitchen.docker.yml
.kitchen.dokken.yml
.kitchen.local.yml
.kitchen.yml
.komodotools
.ksh_history
.landscape.yaml
.landscape.yml
.last_cover_stats
.learn
.lein-deps-sum
.lein-failures
.lein-repl-history
.lesshst
.lgtm
.lia.cache
.LICENSE.bud
.lighttpd.conf
.listing
.listings
.loadpath
.local
.LOCAL
.localsettings.php.swp
.lock
.lock-wscript
.log
.log.txt
.login
.login_conf
.LSOverride
.luacheckrc
.luacov
.lvimrc
.lynx_cookies
.macos
.mail_aliases
.mailmap
.mailrc
.maintenance
.maintenance2
.markdownlint.json
.mc
.memdump
.mergesources.yml
.merlin
.meta
.metadata
.metrics
.modman
.modules
.mr.developer.cfg
.msi
.msync.yml
.mweval_history
.mwsql_history
.mysql_history
.nakignore
.name
.nano_history
.nbgrader.log
.netrc
.netrwhist
.next
.nia.cache
.nlia.cache
.no-sublime-package
.node_repl_history
.node-version
.nodelete
.nodemonignore
.nodeset.yml
.nojekyll
.noserc
.npm
.npmignore
.npmrc
.nra.cache
.nrepl-port
.nsconfig
.ntvs_analysis.dat
.nvmrc
.nyc_output
.nycrc
.ocp-indent
.old
.oldsnippets
.oldstatic
.org-id-locations
.org.zip
.ost
.osx
.overcommit.yml
.packages
.pairs
.passwd
.path
.pdf
.pdkignore
.pep8
.perf
.perltidyrc
.pgadmin3
.pgdir.log
.pgpass
.pgsql_history
.php_cs
.php_cs.dist
.php_history
.php-ini
.php-version
.phpcs.xml
.phpintel
.phpstorm.meta.php
.phptidy-cache
.phpversion
.pkgmeta
.pki
.placeholder
.playground
.pmd
.pmtignore
.poggit.yml
.postcssrc.js
.powenv
.powrc
.pre-commit-config.yaml
.prettierignore
.prettierrc
.prettierrc.js
.prettierrc.json
.priority.log
.procmailrc
.profile
.project
.project-settings.yml
.project.xml
.projectile
.projections.json
.projectOptions
.properties
.prospectus
.pryrc
.psci
.psci_modules
.psql_history
.psqlrc
.pst
.publishrc
.pullapprove.yml
.puppet-lint.rc
.pydevproject
.pylintrc
.pypirc
.Python
.python-eggs
.python-history
.python-version
.pyup.yml
.qmake.cache
.qmake.conf
.qmake.stash
.rakeTasks
.Rapp.history
.rar
.raw
.rbenv-gemsets
.rbenv-version
.rbtp
.Rbuildignore
.RData
.rdsTempFiles
.README.md.bud
.readthedocs.yml
.rebar
.rediscli_history
.reduxrc
.reek
.release.json
.remarkrc
.remote-sync.json
.repl_history
.repo-metadata.json
.reviewboardrc
.revision
.Rhistory
.rhosts
.robots.txt
.ropeproject
.Rprofile
.rspec
.rspec_parallel
.rsync_cache
.rsync-filter
.rubocop_todo.yml
.rubocop.yml
.ruby-gemset
.ruby-version
.rultor.yml
.rvmrc
.s3backupstatus
.s3cfg
.sailsrc
.sass-lint.yml
.scala_history
.scalafmt.conf
.sconsign.dblite
.scrapy
.screenrc
.scrutinizer.yml
.scss-lint.yml
.selected_editor
.semver
.sensiolabs.yml
.sequelizerc
.settings
.settings.php.swp
.sh
.sh_history
.shrc
.simplecov
.slather.yml
.sln
.slugignore
.smalltalk.ston
.smushit-status
.snyk
.softint.log
.spacemacs
.spamassassin
.spin.log
.springBeans
.spyderproject
.spyproject
.sql
.sql.bz2
.sql.gz
.sqlite_history
.SRCINFO
.ssh
.ssh.asp
.ssh.php
.stestr.conf
.stickler.yml
.style.yapf
.styleci.yml
.stylelintignore
.stylelintrc
.stylelintrc.json
.stylintrc
.stylish-haskell.yaml
.sublime-gulp.cache
.sublime-project
.sublime-workspace
.sublimelinterrc
.subversion
.sunw
.suo
.svn
.svnignore
.sw
.swf
.swift-version
.swiftlint.yml
.swo
.swp
.sync.yml
.SyncID
.SyncIgnore
.synthquota
.tachikoma.yml
.tags
.tar
.tar.bz2
.tar.gz
.temp
.template-lintrc.js
.tern-project
.testbss.log
.testr.conf
.texpadtmp
.tfignore
.tgitconfig
.thumbs
.tm_properties
.tmp
.tmproj
.tmux.conf
.tool-versions
.tox
.transients_purge.log
.Trash
.Trashes
.travis.sh
.travis.yml
.user.ini
.vacation.cache
.vagrant
.venv
.verb.md
.verbrc.md
.version
.versions
.vim.custom
.viminfo
.vimrc
.vscodeignore
.waitkill.log
.watchmanconfig
.watchr
.web
.web-server-pid
.webassets-cache
.wgetrc
.whitesource
.wp-config.php.swp
.www_acl
.wwwacl
.xctool-args
.Xdefaults
.xinitrc
.Xresources
.yamllint
.yardopts
.yarnclean
.yarnrc
.ycm_extra_conf.py
.yield.log
.yo-rc.json
.zeus.sock
.zip
.zprofile
.zsh_history
.zshenv
.zshrc
.zuul.yaml
.zuul.yml
/.env
/.env.dev.local
/.env.development.local
/.env.example
/.env.live
/.env.local
/.env.prod.local
/.env.production.local
/.env.stage
/api/.env
/laravel/.env
/sites/.env
/test/.env
/vendor/.env
0.log
000003.log
000006.log
001.sql
01.sql
02.sql
03.sql
04.sql
05.sql
06.sql
07.sql
1-to-2.sql
1.log
1.sql
1.sql.zip
1.zip
10-flannel.conf
2-to-3.sql
2.sql
2.zip
2010.sql
2010.zip
2011.sql
2011.zip
2012.sql
2012.zip
2013.sql
2013.zip
2014.sql
2014.zip
2015.sql
2015.zip
2016.sql
2016.zip
2017.sql
2017.zip
2018.sql
2018.zip
2019.sql
2019.zip
2020.sql
40.sql
41.sql
a.area.sql
a.industry.sql
a.sql
a.yaml
aadb_dump.sql
about.yml
acceptance.suite.yml
access.log
access.sql
accloss.sql
accont.sql
account_chart_template.yml
account.sql
accounts.sql
accounts.yml
acquire.sh
acreate.sql
actions.yaml
adacc.sql
add_message_file.sh
add_message.sh
addall.sql
addcategory.sql
addemo.sql
addphoto.sql
addressbook.sql
addstudentpro.sql
adduser.sql
admin_menu.sql
admin-pod.yaml
admin-service.yaml
admin.sql
admin.yml
admin/.env
administrator/.env
adminpowers_.sql
admintb.sql
admission_controller_config.yaml
adreenue.sql
affiliates.sql
after_script.sh
after_success.sh
after.sh
aggr_ca.crt
aimee.sql
aircraft.yaml
ajax.sql
ajaxdemo1.sql
ajaxnet.sql
alacc.sql
album.sql
aldemo.sql
aliases.sh
aliases.yaml
alidate.sql
all_facts.yaml
all_path_options.yaml
all.json
all.log
all.sh
all.sql
all.yml
allerr.sql
allnet.sh
Almec.json
alter.sql
always-as-root.sh
amember.sql
amz_install.sql
analysis_options.yaml
analyze.sh
ap_getdate_time.sql
ap_getwdh.sql
apacheAccess.log
apacheError.log
api.json
api.yaml
apiserver-aggregator-ca.cert
apiserver-aggregator.cert
apiserver-aggregator.key
apiserver-client.crt
apiserver-client.key
apiserver-key.pem
apiserver.crt
apiserver.key
apiserver.pem
apiserver.sh
apiservice-template.yaml
apiservice.yaml
aplikasi_php(2).sql
app_datserletestudentpro.sql
app.config
App.config
app.json
app.log
app.yaml
app.yml
app/.env
appDevDebugProjectContainerCompiler.log
application.log
application.yaml
application.yml
ApplicationInsights.config
apply.sh
apps/.env
appsettings.json
appveyor.yml
apt.sh
apt.yml
archive.sh
archive.sql
archive.zip
area.sql
articledemo.sql
articles.yml
aspnet2newfeature.sql
assert.sh
assets.yml
atom.sh
auction.sql
audiserlete.sql
audit_export.sql
audit-schema.sql
audit.dict_export.sql
audit.menu_export.sql
auth-delegator.yaml
auth-reader.yaml
auth.config
auth.yaml
authorization.sh
authors.sh
authors.yml
authsae.sh
autobuild.sh
autoclean.sh
autogen.sh
autogen.yml
autoload.sh
automated_cron.settings.yml
autorun.sh
autoscan.log
autososcn.sql
aw_wifi.sql
aws-ebs-web.yaml
azure-pipelines.yml
azure-secret.yaml
azure.yaml
azuredeploy.json
azuredeploy.parameters.json
azuredeploy.sh
b.yaml
b2bbuilder_2009.3.sql
back.sql
backend-rc.yaml
backend-srv.yaml
backup.sh
backup.sql
backup.sql.sql
backup.sql.zip
backup.yaml
backup.zip
backup2010.sql
backup2011.sql
backup2012.sql
backup2013.sql
backup2014.sql
backup2015.sql
backup2016.sql
backup2017.sql
backup2018.sql
backup2019.sql
backup2020.sql
backups.sql
backups.zip
bad_calls.yml
bad_format.yml
bad_import.yml
bad_imports.yml
bad_operator.yaml
bad_parameters.yml
bad_service.yml
bad_services.yml
badtag1.yml
badtag2.yml
badtag3.yml
badtag4.yml
badtransport.yaml
bak.sql
bak2.sql
baoming.sql
bar.yaml
base.sh
base.sql
base.yml
bash_completion.sh
bash-results.json
basic_auth.csv
basic_function_with_ariables.sql
basic_function.sql
basic_stored_procedure.sql
basic-login.yaml
basic-motd.yaml
basic-no-login.yaml
basic.json
basic.sh
basic.tf
basic.yaml
basic.yml
basis.config
basket.sql
bb-ack.sh
bb-histlog.sh
bb-rep.sh
bb-replog.sh
bbk.sql
bbs.sql
bbs5.sql
bbsxp.sql
bbsxp7.sql
bc.sql
bd_magasin.sql
bd.sql
bdmercadeo.sql
bdparasubir.sql
bdredmercadeo.sql
bdtumusicaperdida.sql
before_install.sh
before_script.sh
behat.yml
bench_test.sh
bench.log
bench.sh
benchmark_config.json
benchmark-config.yaml
benchmark-go.sh
benchmark-integration.sh
benchmark.sh
bg.yml
bicq.sql
bigworld.sql
bihutimusic.sql
bin/config.sh
bin/reset-db-prod.sh
bin/reset-db.sh
biye.sql
blackbox_test.sh
block_content.type.basic.yml
block.block.seven_breadcrumbs.yml
block.block.seven_content.yml
block.block.seven_help.yml
block.block.seven_login.yml
blocks.en.sql
blocks.zh-cn.sql
blocks.zh-tw.sql
blog_db.sql
blog.sql
blogdb.sql
blueprints.yaml
board.sql
bogus.log
book_insert.sql
book_subscription_system.sql
book.sql
bookinfo.sql
bookmarks.sql
bookorama.sql
books.sql
bookstore_mssql.sql
bookstore_mysql.sql
bookstore.sql
booktype.sql
boost-win32.yml
boot.sh
bootstrap.sh
bootstrap.yml
boss.config
bower.json
boxstarter.config
br.sql
brcm63xx.sh
brew_bash_completion.sh
brew.sh
brief.yaml
broadcom.sh
browser-bugs.yml
buat_database.sql
buat_tabel.sql
buck.sql
bugfree.sql
build_all.sh
build_and_test.sh
build_debug.sh
build_demo.sh
build_docs.sh
build_interop.sh
build_kernel.sh
build_native.sh
build_release.sh
build_tarball.sh
build-all.sh
build-cross.sh
build-dist.sh
build-go.sh
build-image.sh
build-images.sh
build-ios.sh
build-phar.sh
build-push-containers.sh
build-release.sh
build-rpm.sh
build-ui.sh
build.config
build.json
build.log
build.sh
build.xml
build.yaml
build.yml
buildall.sh
builder.sh
builderror.log
bundle-libraries.sh
Bundle.config
bundle.sh
bundle.yaml
bus.sql
busybox-broken.yaml
busybox.config
busybox.yaml
button.json
ca-certificates.crt
ca-key.pem
ca.crt
ca.key
ca.pem
ca.yml
cabal.config
cabal.sandbox.config
cable.yml
cache_go_dirs.sh
cache.json
cache.yml
cacheEntry.json
cacti.sql
caiwu.sql
cake.config
cake.packages.config
calc_run_size.sh
calendar.sql
cancel_order.yml
captbbx_shout.sql
capture_browser.sh
cases.sh
cassandra-controller.yaml
cassandra-service.yaml
cassandra.in.sh
cassandra.yaml
categories.yml
categorys.sql
catimg.sh
cauldron-rc.yaml
cc1.sql
ccms_gbk.sql
ccms_utf8.sql
centos-59-x64.yml
centos-64-x64-pe.yml
centos-64-x64.yml
centos-65-x64.yml
cep.json
ceph-secret.yaml
ceph.conf.sh
cephfs-with-secret.yaml
cephfs.yaml
cgen.sh
cgi-bin/bb-ack.sh
cgi-bin/bb-histlog.sh
cgi-bin/bb-rep.sh
cgi-bin/bb-replog.sh
cgi-bin/man.sh
cgi.cgi/bb-hist.sh
cgi.cgi/bb-hostsvc.sh
change.log
changelog.sh
chanzhi.sql
Chart.yaml
chat.sql
check_cc.sh
check_for_upgrade.sh
check_lang.sh
check_license.sh
check-all.sh
check-config.sh
check-cs.sh
check-lxdialog.sh
check-size.sh
check.sh
checkkconfigsymbols.sh
checksyscalls.sh
checkundef.sh
chef.sh
cherry_pick_pull.sh
child.tf
chocolatey.config
ci_build.sh
ci.sh
ci.yml
cibuild.sh
cipd.yaml
circle.yml
claim-01.yaml
claim-02.yaml
class.sql
classes.zip
classification.config
clean_sql.sql
clean-old.sh
clean-package.sh
clean.sh
cleaner_check.sh
cleaner_fix.sh
cleanup-virtualbox.sh
cleanup.sh
cleanup.yml
clear.sh
clearoa.sql
cli.yaml
client.sh
clientbin.sh
clients.sql
clients.zip
clone.sh
cloud-provider-config.sh
cloud-provider.yaml
cloudbuild.yaml
club.sql
cluster-role-bindings.yaml
cluster-roles.yaml
clusterrole.yaml
clusterrolebinding.yaml
CMakeError.log
CMakeOutput.log
cmd.sh
cms_data.sql
cms_tables.sql
cms.sql
cni-conf.json
cnly_db.sql
code-clean.sh
codeception.yml
codecov.yml
codegen.json
codegen.sh
codes.json
columns.yaml
combined-ext-image.sh
combined-image.sh
comment.yaml
comments.yml
common_config.yaml
common_district_1.sql
common_district_2.sql
common_district_3.sql
common_utils.yaml
common.sh
common.yaml
common.yml
companies.yml
company.sql
compare.sh
compass.config
compile-doxygen.sh
compile.sh
completion.sh
component.json
component.yaml
compose.sh
composer.json
composer.phar
concatfragments.sh
conda_build_config.yaml
conf.json
config_collection_install_test.test.yml
config_dev.yml
config_form.yaml
config_prod.yml
config_test.system.yml
config_test.yml
config-build.sh
config-common.sh
config-default.sh
config-external.sh
config-test.sh
config-to-secret.sh
config.hash
config.ini
config.json
config.log
config.seen
config.sh
config.source
config.sql
config.yaml
config.yml
config/.env
configBridge.json
configcheck.sh
configinit.sh
configmap.yaml
configure-helper.sh
configure-hooks.sh
configure-kubectl.sh
configure-vm.sh
configure.sh
configure.yaml
configure.yml
conflictedbalance.sh
conformance-jenkins.sh
connection.tf
console.log
constraint-mapping.yml
consul.tf
contact.form.feedback.yml
contact.sql
contacts.sql
container1.yml
contains.json
contains.yaml
content.json
content.sql
Contents.json
control_structures_cursors.sql
controller-manager.sh
controller-role-bindings.yaml
controller-roles.yaml
controller.yaml
contRun.sh
convert.sh
cookie.json
coolbook.sql
copy.sh
core-team.yml
core.json
core.sh
core/.env
countries.sql
country_table.sql
country.json
country.yaml
cover.sh
coverage.json
coverage.sh
cp.sql
cpu-on-off-test.sh
cpufreq-bench_plot.sh
cpufreq-bench_script.sh
create_afile.sh
create_block.sh
create_db_and_tables.sql
create_db_tables_1.sql
create_ote.sql
create_release.sh
create_result.sql
create_svg.sh
create_tables.sql
create_user.sql
create-cert.sh
create-dynamic-salt-files.sh
create-files.sh
create-release.sh
create.sh
create.sql
createauthdb.sql
createdatabase.sql
createdb.sql
createsql.sql
createtable.sql
createtables.sql
creator.json
crebas.sql
cron-curl.sh
cron-lynx.sh
cron.sh
cron.yaml
cron/.env
cron/cron.sh
cross.sh
cs.yml
csrf_disabled.yml
csrf_needs_session.yml
csrf.yml
cstartup.zip
ctools.drush.sh
cucumber.yml
curl.sh
cuser.sql
custom_acl_provider.yml
custom_types.yaml
custom_types.yml
customers.sql
customTemplateEscapingGuesser.yml
cygwin.sh
da.yml
daemon.sh
daemon.yaml
daemonset.yaml
damp.sql
dapi-pod.yaml
dapi-volume.yaml
dashboard-controller.yaml
dashboard-service.yaml
dat.sql
dat.zip
data_geo.sql
data.json
data.sql
data.sql.sql
data.sql.zip
data.yml
data.zip
data2.sql
databack.zip
databackup.zip
databak.zip
database.sh
database.sql
database.sqlite
database.yml
database/.env
databases.yml
databasesetup.sql
databasserletecategory.sql
databasserletephoto.sql
databasserleteuser.sql
databse.sql
date.sql
datedb.sql
datenbank.sql
dayacc.sql
db_acl.sql
db_backup.sql
db_backup.sql.sql
db_backup.sql.zip
db_backup.zip
db_data.sql
db_database04.sql
db_eshop.sql
db_high.sql
db_init.sql
db_install.sql
db_kontrasepsi.sql
db_luntan.sql
db_lyb.sql
db_net.sql
db_net2.sql
db_perpus.sql
db_shop.sql
db_update.sql
db-empty.sql
db-sample.sql
db.changelog-master.yaml
db.json
db.sql
db.sql.sql
db.sql.zip
db.sqlite
db.zip
db/db_create_mysql.sh
db/db_create_pgsql.sh
db/dump_mysql.sh
db/dump_pgsql.sh
db/mongoid.yml
dbadmin.sql
dbadmin.sql.sql
dbadmin.sql.zip
dbadmin.zip
dbal_service_multiple_connections.yml
dbal_service_single_connection.yml
dbal_types.yml
dbase.sql
dbase.sql.sql
dbase.sql.zip
dbase.zip
dbdump.sql
dbdump.sql.sql
dbdump.sql.zip
dbdump.zip
dbsiterest.sql
dbtables.sql
dbzz_stock_crm.sql
dd_sdd_store.sql
dd.sql
ddl_dml.sql
ddl.sql
de.yaml
de.yml
deal.sql
deb.sh
debian-607-x64.yml
debian-70rc1-x64.yml
debian-73-x64.yml
debian.sh
Debian.yml
debug.log
debug.sh
debugallocation_test.sh
decode_stacktrace.sh
default_facts.yaml
Default-build.log
Default-exec.log
default-svc-controller.yaml
default-svc.yaml
default.config
default.json
default.log
default.sql
default.yaml
default.yml
defaults.yaml
defaults.yml
definitions.json
delclass.sql
delete-stranded-load-balancers.sh
delete.sh
deleted.yaml
delimiters.yml
demo-analogy.sh
demo-classes.sh
demo-phrase-accuracy.sh
demo-phrases.sh
demo-train-big-model-v1.sh
demo-word-accuracy.sh
demo-word.sh
demo.sh
demo.sql
demosc.sql
department.sql
departmentloginpro.sql
dependencies.json
dependencies.sh
dependencies.yml
deploy_snapshot.sh
deploy_website.sh
deploy-clientside.yaml
deploy-serverside.yaml
deploy.ci.sh
deploy.mac.sh
deploy.sh
deploy.yml
deployAddons.sh
deployment-config.json
deployment-multicontainer-resources.yaml
deployment-multicontainer.yaml
deployment-revision1.yaml
deployment-revision2.yaml
deployment.yaml
depmod.sh
deps-win32.yml
deps.sh
deptest.sh
derby.log
desinsecta.sql
detached-sig-apply.sh
detached-sig-create.sh
dev-build-and-push.sh
dev-build-and-up.sh
dev-push-hyperkube.sh
dev.config
dev.log
dev.sh
develop.sh
development.log
devise.en.yml
df_main.sql
dfmz1203.sql
dhcp.sh
dhcpv6.sh
diag.sh
dictionary.sql
diffconfig.sh
directip.sh
disabled.appveyor.yml
display.yaml
dist.yml
dj_sql.sql
dns-backend-rc.yaml
dns-backend-service.yaml
dns-frontend-pod.yaml
dns-horizontal-autoscaler.yaml
dns.alpha.kubernetes.io
doc-build.sh
docker-build.sh
docker-checker.sh
docker-compose.yaml
docker-compose.yml
docker-entrypoint.sh
docker-run.sh
docker.sh
dockerize-disk.sh
dockers.config
docs.sh
doinst.sh
doit.sh
dolphin7_chinese_forum_pack.sql
dotbbs.sql
download-frozen-image.sh
download-release.sh
download.sh
doxygen.config
doyouhaobaby.sql
dream.sql
driver-service.yaml
drop-table.sql
drop-tables-innodb.sql
drop.sql
drupal_system_listing_compatible_test.info.yml
dump_file.sql
dump.rdb
Dump.rdb
dump.sh
dump.sql
Dump.sql
dump.sql.zip
dump.zip
dump1.sql
dump2.sql
dump3.sql
dumper.json
duplicate_finder.sql
dutydemo.sql
dwz.sql
dyn_menu.sql
eapi.yaml
eastinit.sh
ebook.sql
ecard.sql
editor.editor.basic_html.yml
editor.editor.full_html.yml
education.sql
ee.sql
eessages.uk.yml
efivarfs.sh
el.yml
elasticsearch.yml
ele.sql
elvis.config
emall.sql
embededPhp.yml
employee.sql
employees.sql
empty-mapping.yml
empty.log
empty.sql
empty.yaml
empty.yml
en.bootstrap.yml
en.yaml
en.yml
endchk.sql
enote.sql
entities.json
entry.json
entry.sh
entrypoint.sh
enum.json
env.sh
environment.sh
environment.yml
epivers.sh
epydoc.config
equal.yaml
eroticos.zip
err.log
error.json
error.log
error.sh
errors.json
errors.log
es-client-rc.yaml
es-controller.yaml
es-data-rc.yaml
es-discovery-svc.yaml
es-master-rc.yaml
es-rc.yaml
es-service.yaml
es-svc.yaml
es.yml
escapedCharacters.yml
estoque_my.sql
estoque_pg.sql
estoque_sqlite.sql
estore_db.sql
etcd-apiserver-ca.crt
etcd-apiserver-client.crt
etcd-apiserver-client.key
etcd-apiserver-server.crt
etcd-apiserver-server.key
etcd-ca.crt
etcd-controller-template.yaml
etcd-controller.yaml
etcd-discovery-controller.yaml
etcd-discovery-service.yaml
etcd-down.sh
etcd-empty-dir-cleanup.yaml
etcd-events.yaml
etcd-peer.crt
etcd-peer.key
etcd-pod.yaml
etcd-service-template.yaml
etcd-service.yaml
etcd-svc.yaml
etcd-up.sh
etcd.sh
etcd.yaml
exam.sql
example-pod.yaml
example.log
example.sh
example.sql
example.yaml
example.yml
exec-liveness.yaml
exec.sh
execute.sh
executed.sh
existing.yml
expected-results.json
expected.json
expected.yml
export.sh
ext_phone.sql
ext-toolchain.sh
extchg.sh
extra.yml
extrafield.log
fa.yml
fabu_demo.sql
factories.yml
facts.yaml
fakecompany.sql
fanwe_qiandao.sql
faq_generator.sql
faqtable.sql
fc.yaml
fedora-18-x64.yml
feimacms.sql
fetch.sh
ff_slide1.sql
fi.yml
field.storage.node.field_image.yml
field.storage.user.user_picture.yml
fields.yaml
fig.yml
figwheel_server.log
file.log
file.sql
filename
filter.format.basic_html.yml
filter.format.full_html.yml
filter.format.plain_text.yml
filter.format.restricted_html.yml
filters.yml
final.sh
firebase-debug.log
firefoxes.yaml
firewall.sh
fixinc.sh
fixtures.yml
flannel.sh
flash.sh
flashes.de.yml
flashes.en.yml
flashes.es.yml
flashes.fr.yml
flashes.it.yml
flashes.nl.yml
flashes.pl.yml
flashes.ru.yml
flashes.sk.yml
flatfile.sql
float.json
fluentd-es-ds.yaml
fluentd-gcp-ds.yaml
fluentd-gcp.yaml
fml-client-1.log
fml-client-2.log
fml-client-3.log
fml-client-latest.log
fml-junk-earlystartup.log
fms_create.sql
fms_drop.sql
foo.yaml
force.yaml
form_csrf_sets_field_name.yml
form_csrf_under_form_sets_field_name.yml
form_no_csrf.yml
format.json
format.sh
forum.sql
forum.zip
forumcreate.sql
forumtest.sql
forumtrigger.sql
fr.yaml
fr.yml
framework.yaml
framework.yml
framk_demo.sql
frcms_db.sql
freebsd.sh
freewebshop.sql
freshinoice.sql
friend.sql
frontend-controller.yaml
frontend-deployment.yaml
frontend-replicaset.yaml
frontend-service.yaml
frontend.yaml
full.yml
functional.suite.yml
functions.sh
fxdemo.sql
game.config
gb_content.sql
gcc-fat.sh
gcc-goto.sh
gcc-version.sh
gce.conf
gce.yaml
gci-init.yaml
geckodriver.log
Gemfile.lock
gen_image_generic.sh
gen_image.sh
gen_initramfs_list.sh
gen_kselftest_tar.sh
gen_rpi_sdcard_img.sh
gen_vdso_offsets.sh
gen-changelog.sh
gen-dependencies.sh
gen-pod.sh
gen-purec-patch.sh
gen-swagger-docs.sh
gen.sh
genbuild.sh
gencerts.sh
gendocs.sh
general.sql
generate_messages.sh
generate_outputs.sh
generate-authors.sh
generate-bindata.sh
generate-changelog.sh
generate-cmdlist.sh
generate-d6-content.sh
generate-d7-content.sh
generate-docs.sh
generate-images.sh
generate-object-fit-and-position-canvas-tests.sh
generate-object-fit-png-tests.sh
generate-object-fit-svg-tests.sh
generate-object-position-png-tests.sh
generate-object-position-svg-tests.sh
generate-ssl-certs.sh
generate-text-emphasis-style-property-010-tests.sh
generate.sh
generatedocs.sh
generator.yml
genopt.sh
genproto.sh
gestion_enseignants.sql
get-build.sh
get-kube-binaries.sh
get-kube-local.sh
get-kube.sh
get-version.sh
get.sh
getalluser.sql
getcategoryinfo.sql
getcategorys.sql
getjobinfo.sql
getlist.sql
getnewa.sql
getphotoinfo.sql
getsubcategorys.sql
getsubcatephotoinfo.sql
getuserinfo.sql
getver.sh
gggl.sql
ghostdriver.log
giejobinfo.sql
ginkgo-e2e.sh
git-gui.sh
git-prompt.sh
git-subtree-check.sh
git.config
git.sh
gitdm.config
github-merge.sh
gitian-win32.yml
gitian.yml
glide.yaml
global.json
global.yml
glusterfs-endpoints.yaml
glyphicons.yml
go.sh
godep-restore.sh
godep-save.sh
Godeps.json
gofmt.sh
golang.sh
golint.sh
goodstype.sql
gopack.config
gotest.sh
goto_step.sh
gpg.sh
grab-profiles.sh
grade.sh
gradle.log
grafana-service.yaml
gre.sh
greaterthan.yaml
greaterthanorequal.yaml
group_15520.sql
group_16095.sql
groupon.sql
groups.json
Gruntfile.coffee
Gruntfile.js
gtcms.sql
gtoarticle.sql
gubernator.sh
guest.sql
guestbook-all-in-one.yaml
guestbook-controller.yaml
guestbook-down.sh
guestbook-service.yaml
guestbook-up.sh
guestbook.sql
Gulpfile.js
gum.config
gym.db.sql
gzip_stream_unittest.sh
hadoop-env.sh
hadoop.sh
haproxyrc.yaml
har.json
hazelcast-controller.yaml
hazelcast-service.yaml
hbdx_baseinfo.sql
hbdx_fa.sql
hbdx.sql
hcd-tests.sh
hck.sql
headers_install.sh
headers.sh
health-monitor.sh
healthmonitoringcreate.sql
heap-checker_unittest.sh
heap-checker-death_unittest.sh
heap-profiler_unittest.sh
heapster-binding.yaml
heapster-controller-combined.yaml
heapster-controller.yaml
heapster-service.yaml
heartphp.sql
hello.sh
help.sh
helper.sh
helpers.sh
heroes_game.sql
hiera.yaml
hn_sessions.sql
hncms.sql
home.sql
home.sql.sql
home.sql.zip
home.zip
Homestead.yaml
hongcms.sql
hostap.sh
hostapd.sh
hostname.sh
hotel.sql
hpdesk1.sql
htaccess.sh
http-liveness.yaml
http-response.json
hu.yml
i.zip
i18n.sql
i3.config
icons.yml
id.yml
idc.sql
im1.sql
imacc.sql
image_upload.sql
image-config.yaml
image.style.large.yml
image.style.thumbnail.yml
images.sh
images.zip
imdemo.sql
import.sh
import.yml
imprice.sql
imx6.sh
incent.sql
include.yaml
incomplete.yml
index.json
index.metadata.json
index.sh
index.sql
index.yaml
index.yml
index.zip
infantry.yaml
influxdb-grafana-controller.yaml
influxdb-service.yaml
info.json
info.log
info.yaml
info.yml
ing.yaml
ingress.yaml
init_path.sh
init-repo.sh
init.sh
init.sql
initial-setup.sh
inject_fault.sh
insecure-etcd-pod.yaml
insert_ote.sql
insert_result.sql
insert_user.sql
insert-transaction.sql
inst.sql
install_1-1.sql
install_2-0_mysql.sql
install_2-0_postgresql.sql
install_2-0_sqlite.sql
install_about_us_page.sql
install_apache.sh
install_backend.sh
install_cron.sh
install_data.sql
install_dependencies.sh
install_django.sh
install_frontend.sh
install_land.sql
install_mysql.sql
install_os_dependencies.sh
install_policy.sh
install_postgresql.sh
install_server.sh
install-dependencies.sh
install-deps.sh
install-etcd.sh
install-release.sh
install-std-race.sh
install-wp-tests.sh
install.helloworld.sql
install.log
install.sh
install.sql
install.yml
installed.json
installer.sh
installextra.sql
installsql.sql
integration-tests.sh
integration.sh
intemp.sh
intent.yaml
invalid_existing_values.yml
invalid_subset.yaml
invalid-pod.yaml
invalid-rc-with-empty-args.yaml
invalid.yaml
invalidPod.yaml
invalidPod4.yaml
ios.sh
iosxr.yaml
ip.sql
ipcalc.sh
ipertermia.sql
it.yml
item_db.sql
items.json
itstudy_cn.sql
iwms53.sql
ja.yml
jasmine.yml
javaweb-2.yaml
javaweb.yaml
jbasket.sql
jdb.sql
jemalloc_mangle.sh
jemalloc_rename.sh
jemalloc.sh
jenkins_build.sh
jenkins.sh
jepsen.log
jiuwap.sql
job.sql
job.yaml
jobs.v1.yml
joomla.zip
js.zip
jshint.config
jsj6.sql
json.json
jsrun.sh
junos.yaml
jurpopage-datatest.sql
jwan.sql
jx.sql
jxc001.sql
jxcms.sql
k8petstore-loadbalancer.sh
k8petstore-nodeport.sh
k8petstore.sh
kafka-cluster-install.sh
karma-completion.sh
kibana-controller.yaml
kibana-service.yaml
kirkwood.sh
kitchen.log
kitten-rc.yaml
known_tokens.csv
ko.yml
kok100book.sql
kreditmotor.sql
kselftest_install.sh
kshop.sql
kube-addon-manager.yaml
kube-addon-update.sh
kube-addons-checker.sh
kube-addons.sh
kube-apiserver.yaml
kube-controller-manager.yaml
kube-down.sh
kube-master-addons.sh
kube-node-unpacker.sh
kube-proxy-ds.yaml
kube-push.sh
kube-registry-proxy.yaml
kube-scheduler.yaml
kube-system-ns.yaml
kube-up.sh
kube-util.sh
kubeadm.sh
kubecfg-binding.yaml
kubectl_annotate.yaml
kubectl_api-versions.yaml
kubectl_apply.yaml
kubectl_attach.yaml
kubectl_autoscale.yaml
kubectl_cluster-info.yaml
kubectl_config.yaml
kubectl_convert.yaml
kubectl_cordon.yaml
kubectl_create.yaml
kubectl_delete.yaml
kubectl_describe.yaml
kubectl_drain.yaml
kubectl_edit.yaml
kubectl_exec.yaml
kubectl_explain.yaml
kubectl_expose.yaml
kubectl_get.yaml
kubectl_label.yaml
kubectl_logs.yaml
kubectl_patch.yaml
kubectl_port-forward.yaml
kubectl_proxy.yaml
kubectl_replace.yaml
kubectl_rolling-update.yaml
kubectl_rollout.yaml
kubectl_run.yaml
kubectl_scale.yaml
kubectl_set.yaml
kubectl_uncordon.yaml
kubectl_version.yaml
kubectl.sh
kubectl.yaml
kubelet-binding.yaml
kubelet-checker.sh
kubelet.sh
kubernetes-discover-pod.yaml
kubernetes-discovery-sa.yaml
kubernetes-discovery-svc.yaml
kubernetes-service.yaml
kubernetes.tf
kucundata.sql
kustomization.yaml
kvm-build.sh
kvm.sh
kyfrm_utf8.sql
kyfrm.sql
lab.config
labels.yaml
lang.sql
language.entity.de.yml
language.entity.es.yml
language.yaml
language.yml
languages.yaml
languages.yml
lantiq.sh
laravel.log
laravel/.env
last.sql
latest.log
launch.json
launch.sh
launcher.sh
layer.yaml
ld-version.sh
leae.sql
leave.sql
led.sh
leds.sh
leipi_qrcode.sql
lesson.yaml
lessthan.yaml
lessthanorequal.yaml
lfe.config
lib.model.schema.sql
lib.sh
lib/.env
libpeerconnection.log
library.json
library.sql
library.zip
Library.zip
libtensorflow_cpu.sh
lift-standard.config
lilurl.sql
limit-range.yaml
limits.yaml
lines.sh
link-vmlinux.sh
linkage.sql
linksys.sh
linqchatms-sqltablescript.sql
lint.sh
linux.config
linux.sh
linweicms.sql
lirenshop.sql
liro_caixa.sql
list-arch.sh
list-feature-tests.sh
list-resources.sh
list.sh
list.yaml
lists.yml
load.sh
loadtable.sql
local-01.yaml
local-02.yaml
local-up-cluster.sh
local-up-kube-aggregator.sh
local.sh
local.yaml
locale_test.translation.yml
locale.settings.yml
localhost.sql
localized_form_failure_handler.yml
localized_routes_with_forward.yml
localized_routes.yml
localized_routing.yml
log-dump.sh
log.json
log.log
log1.log
log2.log
log4net.config
logfile.log
logging-deployer.yaml
logging.config
logging.sh
logging.yml
login.json
login.sh
login.sql
logo234.sql
loli-facemash.sql
lombok.config
ltmain.sh
mail_count.sql
mail.sql
mailcow.config
main.log
main.sh
main.tf
main.yaml
main.yml
make_bundled_docs_with_xalan.sh
make_bundled_docs.sh
make_certs.sh
make_defconfig.sh
make_lastcraft_docs.sh
make_phpdoc_docs.sh
make_windows_icon.sh
make-build-image.sh
make-ca-cert.sh
make-cert.sh
make-clean.sh
make-flash8.sh
make-flash9.sh
make-help.sh
make-ipkg-dir.sh
make-release.sh
make.config
Make.config
make.sh
makedatabase.sql
makedist.sh
Makefile.config
makespinner.sh
man.sh
manager.sh
manager.sql
manifest.yaml
manifest.yml
map.sh
map.yaml
master-cloud-config.yaml
master-helper.sh
master.log
master.sh
master.yaml
maybe_threads_unittest.sh
mcs814x.sh
md2man-all.sh
md5.sql
media.yaml
mem-on-off-test.sh
member_menu.sql
member.sql
members.sql
menu_test.links.action.yml
menu_test.menu_item.yml
menubase.sql
mercnotrigger.sql
merge_config.sh
merge_import.yml
merge.sh
merge.yml
merged.yaml
message.sql
messageboard_backup.sql
messageboard.sql
messages.json
meta.yaml
META.yml
metadata.json
metadata.yaml
metadata.yml
methodProperties.json
metrics-deployer.yaml
metrics.yaml
migrate-if-needed.sh
migrate.sh
minify.sh
minikube.sh
minimize.sh
minisay.sql
minProperties.json
misc_tests.yaml
misc.sh
misc.yaml
mk_fipsbinary.sh
mk-docker-opts.sh
mk.sh
mkall.sh
mkcapflags.sh
mkdevs.sh
mkdir.sh
mkdocs.yml
mkerrors.sh
mkimage-alpine.sh
mkimage-arch.sh
mkimage-busybox.sh
mkimage-crux.sh
mkimage-debootstrap.sh
mkimage-rinse.sh
mkimage-yum.sh
mkimage.sh
mkits.sh
mkmf.log
mkrelease.sh
mkreleasehdr.sh
mkshelf.sh
mksysnum_plan9.sh
mkuboot.sh
mkversion.sh
module_install.sql
module_uninstall.sql
module-setup.sh
module.json
module.sql
modules.tf
moies.sql
mon.sh
mongo-controller.yaml
mongo-install-ubuntu.sh
mongo-orchestration.config
mongo-service.yaml
mongoid.yml
monitor.sh
monolog.yaml
moo_forms.sql
mount.sh
msc_card_new.sql
msnbot.sh
mssql.sql
msvcc.sh
mt.sql
multi-pod.yaml
multi-resource-yaml-modify.yaml
multi-resource-yaml.yaml
multicssql2.sql
multipleOf.json
music.sql
musicsource1.sql
musicsource2.sql
musicsource3.sql
musicsource4.sql
musicsource5.sql
musicsource6.sql
musicsource7.sql
musicsource8.sql
musicsource9.sql
musicspecia.sql
musicsqlset.sql
my_database.sql
my_imga.sql
my.sql
mybbs.sql
mybook.sql
mybookshop.sql
myfk.sql
myoa_createtable.sql
myoa_initdata.sql
myonlineexam.sql
myphp.sql
myshop.sql
mysql_config.sh
mysql_data.sql
mysql_debug.sql
mysql_default.sql
mysql_ins.sql
mysql_structure.sql
mysql-deployment.yaml
mysql-pod.yaml
mysql-service.yaml
mysql.initial.sql
mysql.sh
mysql.sql
mysql.sql.zip
mysql.yaml
mysql.yml
mysql.zip
mysqldb.sql
mysqli.sql
namespace-dev.yaml
namespace-prod.yaml
namespace.yaml
nand.sh
nautilus-rc.yaml
navigation.yml
nb.yml
net_interface.yaml
net_logging.yaml
net_system.yaml
net.sql
netconf.yaml
netexecrc.yaml
netexecsvc.yaml
netshop.sql
network.sh
networking.sh
new_admin.sql
new-c.yaml
new.sql
newrelic-config-template.yaml
newrelic-config.yaml
newrelic-daemonset.yaml
newrelic.yml
news_manage.sql
news.sql
nextflow.config
nfs-busybox-rc.yaml
nfs-pv.yaml
nfs-pvc.yaml
nfs-server-rc.yaml
nfs-server-service.yaml
nfs-web-rc.yaml
nfs-web-service.yaml
nfs.yaml
nginx_app.conf
nginx-app.yaml
nginx-broken.yaml
nginx-deployment.yaml
nginx.conf
nginx.config
nginx.sh
nginx.yaml
nginxrc.yaml
nginxsvc.yaml
nightly.sh
nitro.yaml
nl.yml
NLog.config
node_1.log
node-helper.sh
node-role.kubernetes.io
node.json
node.settings.yml
node.sh
node.type.article.yml
node.type.page.yml
node.yaml
nodejs.sh
nohup.out
non-object-res.log
non-valid.yml
nonesense_resource_plus_path.yml
nonesense_type_without_resource.yml
nonvalid-mapping.yml
nonvalid.yml
nonvalid1.yml
nonvalid2.yml
nonvalidkeys.yml
not_hardware.yaml
not-executed.sh
notequal.yaml
notes.v1.yml
notifications.json
notify.sql
npd-binding.yaml
npm_prepublish.sh
npm-bundle-deps.sh
npm-debug.log
npm-shrinkwrap.json
nuget.config
Nuget.config
NuGet.config
NuGet.master.config
nuke-graph-directory.sh
null.yml
nwjxt.sql
nxapi.yaml
oa.sql
oadb.sql
objc-test.sh
objOpsTestObjectCount.json
objOpsTestObjectMap.json
oci-after-fixtures.sql
oci.sql
oh-my-zsh.sh
okphpcms_cs_gb.sql
okphpcms_cs_utf.sql
okphpcms_ct_b5.sql
okphpcms_ct_utf.sql
okphpcms.sql
ol_test.sql
olbs.sql
oldsite.zip
om-fwupgradecfg-gen.sh
oms.sql
on-off-test.sh
on-start.sh
ona-data.sql
ona-tables.sql
once-as-root.sh
once-as-vagrant.sh
one.tf
onez.sql
openapi-spec.yaml
openapi.yaml
openbsd.sh
openmesh.sh
openshift-controller.yaml
openshift-origin-namespace.yaml
openshift-service.yaml
options.config
options.json
options.yml
orders.sql
origin.log
orm_functions.yml
orm_hydration_mode.yml
orm_imports_import.yml
orm_imports.yml
orm_multiple_em_bundle_mappings.yml
orm_service_multiple_entity_managers.yml
orm_service_simple_single_entity_manager.yml
orm_service_single_entity_manager.yml
orm_single_em_bundle_mappings.yml
orm_single_em_dql_functions.yml
os-detect.sh
osd.sh
osx.sh
ote.4.1.sql
ote.sql
out.json
out.log
output.json
output.log
output.tf
output.yaml
outputs.tf
overridden.yaml
pachamama.config
pack.sh
pack.yaml
package-installs.yaml
package-lock.json
package.config
package.json
package.sh
package.yaml
package.yml
packager.sh
packages.config
packagesdata_zh_cn_gbk.sql
packagesdata_zh_cn_utf-8.sql
packagesdata_zh_tw_utf-8.sql
packagesdata.sql
packagesstructure.sql
packaging.yaml
page.json
pages.yml
pageTimings.json
paginators-1.json
paige.config
parameters.sh
parameters.yaml
parameters.yml
params.json
parse-build.sh
parse-console.sh
parse-torture.sh
parse.sh
parsedocs.sh
password-hash.sh
patch-kernel.sh
patch-specs.sh
patch.sh
patch.yaml
pattern.json
pcwap.sql
pdb.yaml
pdfjs.config
penggna.sql
people.yml
perf-archive.sh
perf-completion.sh
perf-config.yaml
perf-with-kcore.sh
person.sql
petset.yaml
pgsql-after-fixtures.sql
pgsql.sql
pgts.yaml
phonebook.sql
photo_15520.sql
photo_16095.sql
photo.sql
photos.sql
photos.zip
photoupload.sql
php_errors.log
php-build.sh
php-yod.sh
php.sh
phpcms_db.sql
phpfoto.sql
phphtml.sql
phplist.sql
phplyb.sql
phpmmorpg.sql
phpnew.sql
phpqiye.sql
phpspec.yml
phpsso_db.sql
phpunit.sh
phpweb.sql
phpweb4_4.1.2.sql
phpweb4.sql
phurl.sql
piaoy.sql
pip.sh
pipeline.yml
pj.sql
pkg.sh
pkg.vars.config
pkg.yml
pl.yml
plan.sh
plan.yaml
platform.sh
playbook.yml
playfield.yaml
plugin_wish.sql
plugin.yaml
plugin.yml
plugins.config
pocle.sql
pod-apply-selector.yaml
pod-apply.yaml
pod-dont-apply.yaml
pod-ip-test.sh
pod-nginx-with-label.yaml
pod-nginx.yaml
pod-redis.yaml
pod-with-api-env.yaml
pod-with-http-healthcheck.yaml
pod-with-large-name.yaml
pod.yaml
pollsetup.sql
popedom_info.sql
posix.sh
post-link.sh
post.sh
postData.json
postinstall.sh
posts.yml
pre-commit.sh
pre-push-hook.sh
pre-unlink.sh
prebuild.sh
preinit.sh
prepare_permissioncheck.sh
preprocess.sh
prepublish.sh
prerun.json
price_fluctuation.sql
print_logs.sh
printenv.sh
privileged.yaml
proc_diskstats.log
proc_ps.log
proc_stat.log
procd.sh
process_scpds.sh
process.sh
prod.log
producetype.sql
product.sql
production.log
products.yml
profile.sh
profiler_unittest.sh
profiler.yml
project-stats.sh
project.config
project.json
project.lock.json
project.yaml
project.yml
projects.yml
prom_init_check.sh
properties.json
provider.tf
provision-master.sh
provision-network-master.sh
provision-network-node.sh
provision-node.sh
provision-utils.sh
provision.sh
proxy_client.crt
proxy_client.key
proxy.config
proxy.sh
pt-BR.yml
pt.yml
public_html.sql
public/.env
publish.sh
pubspec.yaml
pull.sh
puppet.sh
purify.sh
pv-recycler-template.yaml
pvc.yaml
pw_0101_b3407e6815_1.sql
pwg_rel_create.sh
pxc-cluster-service.yaml
pxc-node1.yaml
pxc-node2.yaml
pxc-node3.yaml
python.sh
pywrap.sh
qcms_database_1.sql
qiaso.sql
qita.sql
qk_tourl.sql
qmi.sh
qq.sql
qq471311858.sql
qs.zip
qt-win32.yml
quan.sql
query.json
query.sql
queue.yaml
quiz.sql
qun.sql
quota.yaml
rabbitmq.config
rag_ragsrinfo.sql
ragel.sh
rainrock.sql
ramips.sh
rancher-compose.yml
rbac.yaml
rbd-storage-class.yaml
rc-lastapplied.yaml
rc-no-annotation.yaml
rc-noexist.yaml
rc-service.yaml
rc.yaml
rc1.yaml
README.config
rebar-slex.config
rebar.config
rebuild.sh
recipe.sh
RedHat.yml
redis-controller.yaml
redis-master-controller.yaml
redis-master-service.yaml
redis-master.yaml
redis-pod.yaml
redis-proxy.yaml
redis-sentinel-controller.yaml
redis-sentinel-service.yaml
redis-slave-controller.yaml
redis-slave-replicaset.yaml
redis-slave-service.yaml
redis-slave.yaml
ref.json
reference.config
refman.log
refRemote.json
regen.sh
regenerate-docs.sh
regenerate.sh
regform_mssql.sql
regform_mysql.sql
regi.sql
region.sql
regions.sql
register.json
registry-console.yaml
registry-rc.yaml
registry-svc.yaml
regprod.sql
release.sh
release.v1.yml
relocate.sh
relocs_check.sh
reltool.config
relx.config
remoe_control_m.sh
remoe_message.sh
remote.sh
remove.sh
remove.yaml
rename.sh
replaced.yaml
replication-controller.yaml
replication.yaml
report-issue.sh
report.json
report.log
report.sql
request.json
request.yml
require_tool.sh
required.json
requirements.yaml
requirements.yml
reset_tables.sql
reset.sh
resource.json
resources.yaml
resources.yml
response.json
restart.sh
restore-from-backup.sh
restore.sh
resume.sql
retag.sh
ripple.config
role.yaml
roles.yml
room.sql
root.sh
root.tf
rosdoc.yaml
routes_as_path.yml
routing_dev.yml
routing.yaml
routing.yml
rpm-install.sh
rpm.sh
rss.sql
rstrip.sh
rsyncd.sh
ru.yml
ruby.sh
rules.yaml
run_all_tests.sh
run_fuse_test.sh
run_gluster.sh
run_nfs.sh
run_server.sh
run_test.sh
run_tests.sh
run-all.sh
run-e2e-tests.sh
run-in-gopath.sh
run-test.sh
run-tests.sh
run-unit-tests.sh
run.log
run.sh
run.yaml
runall.sh
runfakepopserver.sh
runme.sh
runner.sh
runserver.sh
runtest.sh
runtests.sh
sa.yaml
sachat.sql
sage.config
sales.sql
salt-master.sh
salt-minion.sh
sample_document.yaml
sample_document.yml
sample.log
sample.yaml
samples.sql
sanity.sh
sanity.yaml
santosh.sql
sass-team.yml
sauce_browsers.yml
sauce_connect_setup.sh
save.yaml
say.sql
sc.sql
scaffolding.config
scheduler.sh
schema.json
schema.sql
schema.yml
scheme.sql
score_change_new.sql
script.postdeployment.sql
script.predeployment.sql
script.sh
script.sql
scrtumusicaperdida.sql
scss.sh
search.json
search.sql
secret-env-pod.yaml
secret-pod.yaml
secret.yaml
secrets.yaml
secrets.yml
security.sql
security.yaml
security.yml
seed.yml
selenium-hub-rc.yaml
selenium-hub-svc.yaml
selenium-node-chrome-rc.yaml
selenium-node-firefox-rc.yaml
sell_na.sql
send.sh
seo_taobao_shops.sql
serve.sh
server.cert
server.config
server.key
server.log
server.sh
server.yml
service-account.yaml
service.sh
service.yaml
service.yml
serviceaccount.crt
serviceaccount.key
serviceaccount.yaml
services.sh
services.yaml
services.yml
services1.yml
services10.yml
services11.yml
services13.yml
services2.yml
services3.yml
services4_bad_import.yml
services4.yml
services6.yml
services7.yml
services8.yml
services9.yml
session.sql
session.yml
sessionmgr2.sql
sessions.sql
set_domain_list.yaml
set_domain_name.yaml
set_hostname.yaml
set_lookup_source.yaml
set_name_servers.yaml
set-defaults.sh
setenv.sh
SetiAshgad.json
settings.json
settings.sh
settings.yaml
Settings.yaml
settings.yml
setup_env.sh
setup_host.sh
setup_tc.sh
setup-legacy.sh
setup.sh
setup.sql
setup.yaml
setup.yml
setup2000.sql
setup2005.sql
sfComments.yml
sfCompact.yml
sfMergeKey.yml
sfObjects.yml
sfQuotes.yml
sfTests.yml
sftp-config.json
sh.sh
shadercompiler-64bit-1.log
sheet.json
shell-smoke-test.sh
shell.sh
shippable.yml
shiro.sql
shop.sql
shopper.sql
shopping.sql
shoppingdb.sql
show_na.sql
show-rc.yaml
show-srv.yaml
showcase.yml
shutdown.sh
siap_db(2).sql
side.sql
sign.sh
simple_form.en.yml
simple_gbook.sql
simple.log
simple.sql
simpleboard.sql
simpleote.sql
simplevote.sql
simulate_mti.sh
simulate_ncsim.sh
sinan.config
site.sql
site.sql.zip
site.yaml
site.yml
site/.env
siyu.sql
size_classes.sh
skalinks_mysql_dump.sql
slaves.sh
snap.yaml
snapcraft.yaml
snapshot.sh
solaris.sh
soyeah.sql
sp_loe.sql
spark-cluster-install.sh
spark-master-controller.yaml
spark-master-service.yaml
spark-worker-controller.yaml
spcmf.sql
spdx-license-ids.json
spec.json
special_route_name.yml
specs.sh
speed.sh
spi1.sh
sql_content.sql
sql_create.sql
sql_insert.sql
sql_write.sql
sql.sql
sql.sql.zip
sql.zip
sqlbook.sql
sqldump.sql
sqlite_ins.sql
sqlite.initial.sql
sqlite.sql
sqlite3.sql
sqlmessage.sql
sqlserer.sql
src_basic.yaml
src_invalid.yaml
src_match_none.yaml
ss_database_backup.sql
ssh.config
ssh.sh
sshd.sh
sss.sql
stack.yaml
stacktrace.log
stage-upload.sh
stale.yml
start_server.sh
start_tunnel.sh
start-all.sh
start-kubemark-master.sh
start-kubemark.sh
start-serer.sh
start-server.sh
start.sh
startbbs.sql
startup.sh
statefulset.yaml
static.custom.yaml
status.sh
stdClass.yml
step.yml
stop-all.sh
stop-kubemark.sh
stop.sh
store.sql
streams.yaml
strip-kmod.sh
struc2003310.sql
struct.sql
structure.sql
structures.yaml
student.sql
studentdb.sql
studentloginpro.sql
students.sql
sub.tf
sublevel_block.yaml
sublevel_exact.yaml
sublevel_strict.yaml
sublevel.yaml
submit.sh
subnets.tf
sudoers.sh
suites.sh
supervisor_watcher.sh
supplier_show_sql.sql
supplier_sql.sql
sut.log
sv.yml
svc.yaml
svn.sh
swagger-gen.yaml
swagger.sh
swagger.yaml
swagger.yml
swbaike_bak.sql
switch.sh
switchuser.yml
swzl.sql
sync.sh
syncext.sh
synthetic_0_25lps.yaml
synthetic_10lps.yaml
sys.config
system_setting.sql
system.action.node_delete_action.yml
system.action.node_make_sticky_action.yml
system.action.node_make_unsticky_action.yml
system.action.node_promote_action.yml
system.action.node_publish_action.yml
system.action.node_save_action.yml
system.action.node_unpromote_action.yml
system.action.node_unpublish_action.yml
system.action.user_block_user_action.yml
system.action.user_cancel_user_action.yml
system.action.user_unblock_user_action.yml
system.cron.yml
system.maintenance.yml
system.menu.account.yml
system.menu.admin.yml
system.menu.footer.yml
system.menu.main.yml
system.menu.tools.yml
system.sh
system.site.yml
system.theme.global.yml
system.theme.yml
system.yaml
t_qq.sql
table_01.sql
table_02.sql
table_structure.sql
table.sql
tables.sql
tag-release.sh
tags.sh
tags.yml
tankdb.sql
taobaoapi.sql
task_control.sql
task.sh
task.yaml
tasks.json
tasks.yml
taxonomy.vocabulary.tags.yml
taygod.sql
tb_demo.sql
tbl_user.sql
tc.sh
tea.sql
teardown_tunnel.sh
teardown.sh
tellhow.sql
temp.sql
temp.sql.zip
template.yaml
templating_url_package.yml
test_all.sh
test_bpf.sh
test_command.sh
test_daemon.sh
test_editor.sh
test_graceful_restart.sh
test_large_file.sh
test_records.json
test_script.sh
test_static_keys.sh
test_udp_src.sh
test_user_copy.sh
test_weekofyear.sh
test-config.yaml
test-e2e.sh
test-go.sh
test-init.sh
test-integration.sh
test-kubeadm-cmd.sh
test-lib.sh
test-network.sh
test-patch.sh
test-performance.sh
test-smoke.sh
test-update-storage-objects.sh
test.config
test.log
test.sh
test.sql
test.yaml
test.yml
test.zip
testbed.yaml
testcase.yaml
testcases.yaml
testdata.sql
testenv.sh
tester.yaml
testing.sh
testObjData.json
testonsauce.sh
testparams.sh
tests.sh
tests.yaml
tests.yml
testserver.sh
testsql.sql
testsuite.sh
texput.log
theme_chooser.sh
theme.config
theme.json
theme.yaml
threshold.config
tianyalvs.sql
tidy_datadir.sh
timeout.yaml
timing.sh
timings.json
tk_item.sql
tmenu.sql
todo.sql
token_auth.csv
tokobuku_online.sql
toplevel_after.yaml
toplevel_before.yaml
toplevel_nonidempotent.yaml
toplevel.yaml
touch-up.sh
tour.tour.language.yml
tour.tour.tour-test.yml
tr.yml
train.sh
transfer.sql
translation.json
translations.yml
travis_install.sh
travis_test.sh
travis-build.sh
travis.sh
travis.yml
tree_utf8_mysql.sql
trigger.sql
tsconfig.json
tslib.sh
tslint.json
tsvtojson.sh
tup.config
tuxera_update.sh
twig.yml
two.tf
txnmall.sh
type.json
types.json
typings.json
ubinize-image.sh
uboot-envtools.sh
ubuntu-juju.sh
ubuntu-server-10044-x64.yml
ubuntu-server-12042-x64.yml
ubuntu-server-1404-x64.yml
ubuntu.sh
uci-defaults.sh
uci.sh
udelay_test.sh
udev-install.sh
ui-text.yml
uk.yml
uncached-npm-install.sh
undeploy.sh
undo-release.sh
unindentedCollections.yml
uninst.sql
uninstall_about_us_page.sql
uninstall.helloworld.sql
uninstall.sh
uninstall.sql
unit.suite.yml
unpax-icu.sh
unpublish.sh
untag-release.sh
up.sh
upd_rc3fin.sql
update_authors.sh
update_category_.sql
update_logger_admin.sql
update_mysql.sql
update_referer.sql
update_team.sql
update_version.sh
update-all.sh
update-angular.sh
update-api-reference-docs.sh
update-authors.sh
update-bazel.sh
update-closure.sh
update-codecgen.sh
update-codegen.sh
update-countries.sh
update-coverage.sh
update-dtc-source.sh
update-generated-conversions.sh
update-generated-deep-copies.sh
update-generated-docs.sh
update-generated-protobuf-dockerized.sh
update-generated-protobuf.sh
update-generated-runtime-dockerized.sh
update-generated-runtime.sh
update-generated-swagger-docs.sh
update-gh-pages.sh
update-godep-licenses.sh
update-gofmt.sh
update-openapi-spec.sh
update-repo.sh
update-storage-objects.sh
update-swagger-spec.sh
update-translations.sh
update-vendor.sh
update.json
update.sh
update.sql
update.yaml
update0.1.sql
update0.3.sql
update0.4.sql
update0.5.sql
update0.6.sql
update1.0.1.sql
update1.0.beta.sql
update1.0.rc1.sql
update1.1.sql
update1.2.sql
update1.3.sql
update1.4.sql
update1.5.sql
update2.0.sql
update2.1.sql
update2.2.sql
update2.3.sql
update2.4.sql
update3.0.beta1.sql
update3.1.sql
update3.2.1.sql
update3.2.sql
update3.3.sql
update4.0.1.sql
update4.0.beta1.sql
update4.0.beta2.sql
update4.0.sql
update4.1.sql
update4.2.sql
update4.3.sql
update5.2.1.sql
update6.0.beta1.sql
update6.0.sql
update6.1.sql
update7.0.sql
updatecategory.sql
updatephoto.sql
updatepro1.0.sql
updatepwd.sql
updater_fixture.yaml
updatestudentpro.sql
updateuser.sql
upgrade_1.0.sql
upgrade_1.1.sql
upgrade_1.2.sql
upgrade_base_10.sql
upgrade_base_11.sql
upgrade_base_12.sql
upgrade_base_13.sql
upgrade_base_14.sql
upgrade_latest.sql
upgrade_new.sql
upgrade_sn58.sql
upgrade_to_1.2.5.sql
upgrade_to_1.2.6.sql
upgrade_to_1.2.sql
upgrade.1.1.3-1.1.4.sql
upgrade.1.1.4-1.2.0.sql
upgrade.sh
upgrade.sql
upgrade.yml
upgrade3.3.sql
upload-to-gcs.sh
upload.sh
upload.sql
upload.sql.zip
uploads/.env
url_1.sql
url_2.sql
uscms.sql
use9.sql
user_1w.sql
user_agent.after.yaml
user_agent.before.yaml
user.json
user.mail.yml
user.role.administrator.yml
user.role.anonymous.yml
user.role.authenticated.yml
user.settings.yml
user.sql
user.yml
userdata.sh
userinfo.sql
userpro.sql
users.json
users.sql
users.sql.zip
users.yml
users.zip
usertellhow.sql
util.sh
utils.sh
uunnw.sql
v1/.env
v1beta1.yaml
v8.log
vagrant.sh
vagrant.yml
valgrind.sh
validate-cluster.sh
validate.sh
validateuser.sql
validpattern.yml
validresource.yml
values.yaml
variables.tf
vars.sh
vars.yml
vb.sql
vb.zip
vehicles.yaml
vendor.sh
ver_functions.sh
verify-all.sh
verify-api-groups.sh
verify-api-reference-docs.sh
verify-bazel.sh
verify-boilerplate.sh
verify-cli-conventions.sh
verify-codegen.sh
verify-description.sh
verify-dockerized.sh
verify-generated-conversions.sh
verify-generated-deep-copies.sh
verify-generated-docs.sh
verify-generated-protobuf.sh
verify-generated-runtime.sh
verify-generated-swagger-docs.sh
verify-godep-licenses.sh
verify-godeps.sh
verify-gofmt.sh
verify-golint.sh
verify-govet.sh
verify-import-boss.sh
verify-linkcheck.sh
verify-openapi-spec.sh
verify-pkg-names.sh
verify-readonly-packages.sh
verify-swagger-spec.sh
verify-symbols.sh
verify-test-images.sh
verify-test-owners.sh
verify.sh
version-gen.sh
version.json
version.sh
version.yaml
VERSION.yml
versions.config
versions.tf
vet.sh
view.yml
viicms.sql
virtualbox.sh
vitess-down.sh
vitess-up.sh
vone.sql
vote.sql
vtctld-down.sh
vtctld-up.sh
vtgate-down.sh
vtgate-up.sh
vttablet-down.sh
vttablet-up.sh
waimai.sql
wait-for-it.sh
wait.sh
watch.sh
waterfall.sql
wd.sh
weapons.yaml
web_star.sql
web-controller-demo.yaml
web-controller.yaml
web-life.sql
web-new.sql
web-service.yaml
web.config
Web.Debug.config
Web.Release.config
web.sql
web.sql.zip
web.zip
web800.sql
webadmin.sql
weboffice_mysql.sql
weboffice.sql
website.config
webstats.sql
webtalk.log
wechat_robot_plus.sql
wechat.sql
wercker.yml
westinit.sh
westrun.sh
wforders.sql
whatisdoing.sh
whitebox_test.sh
whitespace.sh
widget-clientside.yaml
widget-serverside.yaml
wildfly-rc.yaml
win2unix.sql
windbook.sql
windows.sh
windtest.sh
wingdomain.sql
wish.sql
with_venv.sh
withreq.log
work.sql
worker.sh
worklog.sql
works_db.sql
wp.sql
wp.zip
wpa_supplicant.sh
wps-hotplug.sh
wps.sql
wqcms59.sql
wqcms60.sql
wrapmake.sh
wrapper.sh
ws.zip
wubi.sql
www.sh
www.sql
www.sql.sql
www.sql.zip
www.zip
wwwroot.sql
wwwroot.zip
xh.sql
xhad.sql
xhote_utf.sql
xmcms.sql
xref.config
xsd.sql
xt.sql
yarn-error.log
ym.sql
ymguestbook.sql
yt_weibo.sql
yum.sh
zerodisk.sh
zone.sql
zookeeper.log
zram.sh
zycrm.sql
zyiis.sql