_char.sql
_config.yml
_data.sql
_db.sql
_mssql.sql
!.gitignore
!.htaccess
!.htpasswd
.0.zip
.1.zip
.2.zip
.7z
.access
.ackrc
.actionScriptProperties
.addressbook
.adm
.admin
.agignore
.aliases
.all-contributorsrc
.analysis_options
.angular-cli.json
.apdisk
.appveyor.yml
.arcconfig
.architect
.arclint
.arcrc
.atoum.php
.autotest
.babelrc
.babelrc.js
.badarg.log
.badsegment.log
.bak
.bak_0.log
.bash_aliases
.bash_history
.bash_logout
.bash_profile
.bash_prompt
.bashrc
.binstar.yml
.bithoundrc
.bootstraprc
.bower-cache
.bower-registry
.bower-tmp
.bower.json
.bowerrc
.brackets.json
.browserslistrc
.buckconfig
.build.sh
.buildignore
.buildpacks
.buildpath
.builds
.bumpversion.cfg
.bundle
.byebug_history
.bz2
.bzrignore
.cache
.cane
.capistrano
.cask
.catalog
.cc-ban.txt
.cc-ban.txt.bak
.cfg
.cfignore
.checkignore
.checkstyle
.clang_complete
.clang-format
.classpath
.clog.toml
.coafile
.cobalt
.cocoadocs.yml
.codacy.yml
.codeclimate.yml
.codecov.yml
.codeintel
.codekit-cache
.codio
.coffee_history
.coffeelintignore
.compile
.components
.composer
.conf
.config
.config.php.swp
.configuration.php.swp
.contracts
.cookiecutterrc
.core
.coverage
.coveragerc
.coveralls.yml
.cpan
.cproject
.credo.exs
.csdp.cache
.cshrc
.csscomb.json
.csslintrc
.csv
.CSV
.ctags
.curlrc
.cvs
.CVS
.cvsignore
.dat
.dep.inc
.depend
.deployignore
.deployment
.dir-locals.el
.directory
.divzero.log
.dockercfg
.dockerignore
.document
.drone.sec
.drone.yml
.DS_Store
.dub
.dump
.eclipse
.editorconfig
.elb
.elc
.emacs
.emacs.desktop
.emacs.desktop.lock
.ember-cli
.empty-folder
.env
.env-example
.env-sample
.env.dev
.env.development.sample
.env.dist
.env.docker.dev
.env.example
.env.php
.env.prod
.env.sample
.env.sample.php
.env.test
.env.test.sample
.env.travis
.environment
.envrc
.error_log
.esdoc.json
.esformatter
.eslintcache
.eslintignore
.eslintrc
.eslintrc.js
.eslintrc.json
.eslintrc.yaml
.eslintrc.yml
.esmtprc
.espressostorage
.eunit
.exit.log
.exports
.externalNativeBuild
.extra
.factorypath
.faultread.log
.faultreadkernel.log
.FBCIndex
.fbprefs
.fetch
.fhp
.filemgr-tmp
.filetree
.finished-upgraders
.firebaserc
.fishsrv.pl
.fixtures.yml
.flac
.flake8
.flexLibProperties
.floo
.flooignore
.flowconfig
.fontcustom-manifest.json
.foodcritic
.forktest.log
.forktree.log
.formatter.exs
.forward
.frlog
.ftp-access
.ftpconfig
.ftppass
.ftpquota
.functions
.gdbinit
.gem
.gemfile
.gemrc
.gems
.gemspec
.gemtest
.generators
.geppetto-rc.json
.ghci
.git_release
.git-credentials
.gitattributes
.gitchangelog.rc
.gitconfig
.gitignore
.gitignore_global
.gitignore.orig
.gitignore.swp
.gitignore~
.gitk
.gitkeep
.gitlab
.gitlab-ci.yml
.gitmodules
.gitreview
.godir
.golangci.yml
.goreleaser.yml
.goxc.json
.gradle
.gradletasknamecache
.groc.json
.grunt
.guile_history
.gvimrc
.gz
.hash
.hello.log
.hg
.hg_archival.txt
.hgignore
.hgignore.global
.hgrc
.hgtags
.hhconfig
.histfile
.history
.hound.yml
.hpc
.hsdoc
.hsenv
.ht_wsr.txt
.hta
.htaccess
.htaccess-dev
.htaccess-local
.htpasswd
.htpasswd_test
.htpasswd-old
.htpasswds
.httr-oauth
.htusers
.hushlogin
.id
.idea
.ignore
.indent.pro
.influx_history
.ini
.inputrc
.installed.cfg
.ipynb_checkpoints
.irbrc
.isort.cfg
.istanbul.yml
.java-buildpack.log
.java-version
.jazzy.yaml
.jekyll-metadata
.jenkins.sh
.jestrc
.joe_state
.jsbeautifyrc
.jscs.json
.jscsrc
.jsdoc.json
.jsdtscope
.jsfmtrc
.jshintignore
.jshintrc
.jslintrc
.JustCode
.keep
.kick
.kitchen.cloud.yml
.kitchen.docker.yml
.kitchen.dokken.yml
.kitchen.local.yml
.kitchen.yml
.komodotools
.ksh_history
.landscape.yaml
.landscape.yml
.last_cover_stats
.learn
.lein-deps-sum
.lein-failures
.lein-repl-history
.lesshst
.lgtm
.lia.cache
.LICENSE.bud
.lighttpd.conf
.listing
.listings
.loadpath
.local
.LOCAL
.localsettings.php.swp
.lock
.lock-wscript
.log
.log.txt
.login
.login_conf
.LSOverride
.luacheckrc
.luacov
.lvimrc
.lynx_cookies
.macos
.mail_aliases
.mailmap
.mailrc
.maintenance
.maintenance2
.markdownlint.json
.mc
.memdump
.mergesources.yml
.merlin
.meta
.metadata
.metrics
.modman
.modules
.mr.developer.cfg
.msi
.msync.yml
.mweval_history
.mwsql_history
.mysql_history
.nakignore
.name
.nano_history
.nbgrader.log
.netrc
.netrwhist
.next
.nia.cache
.nlia.cache
.no-sublime-package
.node_repl_history
.node-version
.nodelete
.nodemonignore
.nodeset.yml
.nojekyll
.noserc
.npm
.npmignore
.npmrc
.nra.cache
.nrepl-port
.nsconfig
.ntvs_analysis.dat
.nvmrc
.nyc_output
.nycrc
.ocp-indent
.old
.oldsnippets
.oldstatic
.org-id-locations
.org.zip
.ost
.osx
.overcommit.yml
.packages
.pairs
.passwd
.path
.pdf
.pdkignore
.pep8
.perf
.perltidyrc
.pgadmin3
.pgdir.log
.pgpass
.pgsql_history
.php_cs
.php_cs.dist
.php_history
.php-ini
.php-version
.phpcs.xml
.phpintel
.phpstorm.meta.php
.phptidy-cache
.phpversion
.pkgmeta
.pki
.placeholder
.playground
.pmd
.pmtignore
.poggit.yml
.postcssrc.js
.powenv
.powrc
.pre-commit-config.yaml
.prettierignore
.prettierrc
.prettierrc.js
.prettierrc.json
.priority.log
.procmailrc
.profile
.project
.project-settings.yml
.project.xml
.projectile
.projections.json
.projectOptions
.properties
.prospectus
.pryrc
.psci
.psci_modules
.psql_history
.psqlrc
.pst
.publishrc
.pullapprove.yml
.puppet-lint.rc
.pydevproject
.pylintrc
.pypirc
.Python
.python-eggs
.python-history
.python-version
.pyup.yml
.qmake.cache
.qmake.conf
.qmake.stash
.rakeTasks
.Rapp.history
.rar
.raw
.rbenv-gemsets
.rbenv-version
.rbtp
.Rbuildignore
.RData
.rdsTempFiles
.README.md.bud
.readthedocs.yml
.rebar
.rediscli_history
.reduxrc
.reek
.release.json
.remarkrc
.remote-sync.json
.repl_history
.repo-metadata.json
.reviewboardrc
.revision
.Rhistory
.rhosts
.robots.txt
.ropeproject
.Rprofile
.rspec
.rspec_parallel
.rsync_cache
.rsync-filter
.rubocop_todo.yml
.rubocop.yml
.ruby-gemset
.ruby-version
.rultor.yml
.rvmrc
.s3backupstatus
.s3cfg
.sailsrc
.sass-lint.yml
.scala_history
.scalafmt.conf
.sconsign.dblite
.scrapy
.screenrc
.scrutinizer.yml
.scss-lint.yml
.selected_editor
.semver
.sensiolabs.yml
.sequelizerc
.settings
.settings.php.swp
.sh
.sh_history
.shrc
.simplecov
.slather.yml
.sln
.slugignore
.smalltalk.ston
.smushit-status
.snyk
.softint.log
.spacemacs
.spamassassin
.spin.log
.springBeans
.spyderproject
.spyproject
.sql
.sql.bz2
.sql.gz
.sqlite_history
.SRCINFO
.ssh
.ssh.asp
.ssh.php
.stestr.conf
.stickler.yml
.style.yapf
.styleci.yml
.stylelintignore
.stylelintrc
.stylelintrc.json
.stylintrc
.stylish-haskell.yaml
.sublime-gulp.cache
.sublime-project
.sublime-workspace
.sublimelinterrc
.subversion
.sunw
.suo
.svn
.svnignore
.sw
.swf
.swift-version
.swiftlint.yml
.swo
.swp
.sync.yml
.SyncID
.SyncIgnore
.synthquota
.tachikoma.yml
.tags
.tar
.tar.bz2
.tar.gz
.temp
.template-lintrc.js
.tern-project
.testbss.log
.testr.conf
.texpadtmp
.tfignore
.tgitconfig
.thumbs
.tm_properties
.tmp
.tmproj
.tmux.conf
.tool-versions
.tox
.transients_purge.log
.Trash
.Trashes
.travis.sh
.travis.yml
.user.ini
.vacation.cache
.vagrant
.venv
.verb.md
.verbrc.md
.version
.versions
.vim.custom
.viminfo
.vimrc
.vscodeignore
.waitkill.log
.watchmanconfig
.watchr
.web
.web-server-pid
.webassets-cache
.wgetrc
.whitesource
.wp-config.php.swp
.www_acl
.wwwacl
.xctool-args
.Xdefaults
.xinitrc
.Xresources
.yamllint
.yardopts
.yarnclean
.yarnrc
.ycm_extra_conf.py
.yield.log
.yo-rc.json
.zeus.sock
.zip
.zprofile
.zsh_history
.zshenv
.zshrc
.zuul.yaml
.zuul.yml
0.log
000003.log
000006.log
001.sql
01.sql
02.sql
03.sql
04.sql
05.sql
06.sql
07.sql
1-to-2.sql
1.log
1.sql
1.sql.zip
1.zip
10-flannel.conf
2-to-3.sql
2.sql
2.zip
2010.sql
2010.zip
2011.sql
2011.zip
2012.sql
2012.zip
2013.sql
2013.zip
2014.sql
2014.zip
2015.sql
2015.zip
2016.sql
2016.zip
2017.sql
2017.zip
2018.sql
2018.zip
2019.sql
2019.zip
2020.sql
40.sql
41.sql
a.area.sql
a.industry.sql
a.sql
aadb_dump.sql
access.log
access.sql
accloss.sql
accont.sql
account.sql
accounts.sql
acquire.sh
acreate.sql
adacc.sql
add_message_file.sh
add_message.sh
addall.sql
addcategory.sql
addemo.sql
addphoto.sql
addressbook.sql
addstudentpro.sql
adduser.sql
admin_menu.sql
admin.sql
adminpowers_.sql
admintb.sql
admission_controller_config.yaml
adreenue.sql
affiliates.sql
after_script.sh
after_success.sh
after.sh
aggr_ca.crt
aimee.sql
ajax.sql
ajaxdemo1.sql
ajaxnet.sql
alacc.sql
album.sql
aldemo.sql
aliases.sh
alidate.sql
all.log
all.sh
all.sql
allerr.sql
allnet.sh
alter.sql
always-as-root.sh
amember.sql
amz_install.sql
analyze.sh
ap_getdate_time.sql
ap_getwdh.sql
apacheAccess.log
apacheError.log
apiserver-aggregator-ca.cert
apiserver-aggregator.cert
apiserver-aggregator.key
apiserver-client.crt
apiserver-client.key
apiserver-key.pem
apiserver.crt
apiserver.key
apiserver.pem
apiserver.sh
aplikasi_php(2).sql
app_datserletestudentpro.sql
app.json
app.log
appDevDebugProjectContainerCompiler.log
application.log
apply.sh
apt.sh
archive.sh
archive.sql
archive.zip
area.sql
articledemo.sql
aspnet2newfeature.sql
assert.sh
atom.sh
auction.sql
audiserlete.sql
audit_export.sql
audit-schema.sql
audit.dict_export.sql
audit.menu_export.sql
authorization.sh
authors.sh
authsae.sh
autobuild.sh
autoclean.sh
autogen.sh
autoload.sh
autorun.sh
autoscan.log
autososcn.sql
aw_wifi.sql
azuredeploy.sh
b2bbuilder_2009.3.sql
back.sql
backup.sh
backup.sql
backup.sql.sql
backup.sql.zip
backup.zip
backup2010.sql
backup2011.sql
backup2012.sql
backup2013.sql
backup2014.sql
backup2015.sql
backup2016.sql
backup2017.sql
backup2018.sql
backup2019.sql
backup2020.sql
backups.sql
backups.zip
bak.sql
bak2.sql
baoming.sql
base.sh
base.sql
bash_completion.sh
basic_auth.csv
basic_function_with_ariables.sql
basic_function.sql
basic_stored_procedure.sql
basic.sh
basic.tf
basket.sql
bb-ack.sh
bb-histlog.sh
bb-rep.sh
bb-replog.sh
bbk.sql
bbs.sql
bbs5.sql
bbsxp.sql
bbsxp7.sql
bc.sql
bd_magasin.sql
bd.sql
bdmercadeo.sql
bdparasubir.sql
bdredmercadeo.sql
bdtumusicaperdida.sql
before_install.sh
before_script.sh
bench_test.sh
bench.log
bench.sh
benchmark-go.sh
benchmark-integration.sh
benchmark.sh
bicq.sql
bigworld.sql
bihutimusic.sql
bin/config.sh
bin/reset-db-prod.sh
bin/reset-db.sh
biye.sql
blackbox_test.sh
blocks.en.sql
blocks.zh-cn.sql
blocks.zh-tw.sql
blog_db.sql
blog.sql
blogdb.sql
board.sql
bogus.log
book_insert.sql
book_subscription_system.sql
book.sql
bookinfo.sql
bookmarks.sql
bookorama.sql
books.sql
bookstore_mssql.sql
bookstore_mysql.sql
bookstore.sql
booktype.sql
boot.sh
bootstrap.sh
bower.json
br.sql
brcm63xx.sh
brew_bash_completion.sh
brew.sh
broadcom.sh
buat_database.sql
buat_tabel.sql
buck.sql
bugfree.sql
build_all.sh
build_and_test.sh
build_debug.sh
build_demo.sh
build_docs.sh
build_interop.sh
build_kernel.sh
build_native.sh
build_release.sh
build_tarball.sh
build-all.sh
build-cross.sh
build-dist.sh
build-go.sh
build-image.sh
build-images.sh
build-ios.sh
build-phar.sh
build-push-containers.sh
build-release.sh
build-rpm.sh
build-ui.sh
build.log
build.sh
build.xml
buildall.sh
builder.sh
builderror.log
bundle-libraries.sh
bundle.sh
bus.sql
ca-certificates.crt
ca-key.pem
ca.crt
ca.key
ca.pem
cache_go_dirs.sh
cacti.sql
caiwu.sql
calc_run_size.sh
calendar.sql
captbbx_shout.sql
capture_browser.sh
cases.sh
cassandra.in.sh
categorys.sql
catimg.sh
cc1.sql
ccms_gbk.sql
ccms_utf8.sql
ceph.conf.sh
cgen.sh
cgi-bin/bb-ack.sh
cgi-bin/bb-histlog.sh
cgi-bin/bb-rep.sh
cgi-bin/bb-replog.sh
cgi-bin/man.sh
cgi.cgi/bb-hist.sh
cgi.cgi/bb-hostsvc.sh
change.log
changelog.sh
chanzhi.sql
chat.sql
check_cc.sh
check_for_upgrade.sh
check_lang.sh
check_license.sh
check-all.sh
check-config.sh
check-cs.sh
check-lxdialog.sh
check-size.sh
check.sh
checkkconfigsymbols.sh
checksyscalls.sh
checkundef.sh
chef.sh
cherry_pick_pull.sh
child.tf
ci_build.sh
ci.sh
cibuild.sh
circle.yml
class.sql
classes.zip
clean_sql.sql
clean-old.sh
clean-package.sh
clean.sh
cleaner_check.sh
cleaner_fix.sh
cleanup-virtualbox.sh
cleanup.sh
clear.sh
clearoa.sql
client.sh
clientbin.sh
clients.sql
clients.zip
clone.sh
cloud-provider-config.sh
cloud-provider.yaml
club.sql
CMakeError.log
CMakeOutput.log
cmd.sh
cms_data.sql
cms_tables.sql
cms.sql
cni-conf.json
cnly_db.sql
code-clean.sh
codegen.sh
combined-ext-image.sh
combined-image.sh
common_district_1.sql
common_district_2.sql
common_district_3.sql
common.sh
company.sql
compare.sh
compile-doxygen.sh
compile.sh
completion.sh
compose.sh
composer.phar
concatfragments.sh
config-build.sh
config-common.sh
config-default.sh
config-external.sh
config-test.sh
config-to-secret.sh
config.hash
config.ini
config.json
config.log
config.seen
config.sh
config.source
config.sql
configcheck.sh
configinit.sh
configure-helper.sh
configure-hooks.sh
configure-kubectl.sh
configure-vm.sh
configure.sh
conflictedbalance.sh
conformance-jenkins.sh
connection.tf
console.log
consul.tf
contact.sql
contacts.sql
content.sql
control_structures_cursors.sql
controller-manager.sh
contRun.sh
convert.sh
coolbook.sql
copy.sh
core.sh
countries.sql
country_table.sql
cover.sh
coverage.sh
cp.sql
cpu-on-off-test.sh
cpufreq-bench_plot.sh
cpufreq-bench_script.sh
create_afile.sh
create_block.sh
create_db_and_tables.sql
create_db_tables_1.sql
create_ote.sql
create_release.sh
create_result.sql
create_svg.sh
create_tables.sql
create_user.sql
create-cert.sh
create-dynamic-salt-files.sh
create-files.sh
create-release.sh
create.sh
create.sql
createauthdb.sql
createdatabase.sql
createdb.sql
createsql.sql
createtable.sql
createtables.sql
crebas.sql
cron-curl.sh
cron-lynx.sh
cron.sh
cron/cron.sh
cross.sh
cstartup.zip
ctools.drush.sh
curl.sh
cuser.sql
customers.sql
cygwin.sh
daemon.sh
damp.sql
dat.sql
dat.zip
data_geo.sql
data.sql
data.sql.sql
data.sql.zip
data.zip
data2.sql
databack.zip
databackup.zip
databak.zip
database.sh
database.sql
database.sqlite
databasesetup.sql
databasserletecategory.sql
databasserletephoto.sql
databasserleteuser.sql
databse.sql
date.sql
datedb.sql
datenbank.sql
dayacc.sql
db_acl.sql
db_backup.sql
db_backup.sql.sql
db_backup.sql.zip
db_backup.zip
db_data.sql
db_database04.sql
db_eshop.sql
db_high.sql
db_init.sql
db_install.sql
db_kontrasepsi.sql
db_luntan.sql
db_lyb.sql
db_net.sql
db_net2.sql
db_perpus.sql
db_shop.sql
db_update.sql
db-empty.sql
db-sample.sql
db.sql
db.sql.sql
db.sql.zip
db.sqlite
db.zip
db/db_create_mysql.sh
db/db_create_pgsql.sh
db/dump_mysql.sh
db/dump_pgsql.sh
dbadmin.sql
dbadmin.sql.sql
dbadmin.sql.zip
dbadmin.zip
dbase.sql
dbase.sql.sql
dbase.sql.zip
dbase.zip
dbdump.sql
dbdump.sql.sql
dbdump.sql.zip
dbdump.zip
dbsiterest.sql
dbtables.sql
dbzz_stock_crm.sql
dd_sdd_store.sql
dd.sql
ddl_dml.sql
ddl.sql
deal.sql
deb.sh
debian.sh
debug.log
debug.sh
debugallocation_test.sh
decode_stacktrace.sh
Default-build.log
Default-exec.log
default.log
default.sql
delclass.sql
delete-stranded-load-balancers.sh
delete.sh
demo-analogy.sh
demo-classes.sh
demo-phrase-accuracy.sh
demo-phrases.sh
demo-train-big-model-v1.sh
demo-word-accuracy.sh
demo-word.sh
demo.sh
demo.sql
demosc.sql
department.sql
departmentloginpro.sql
dependencies.sh
deploy_snapshot.sh
deploy_website.sh
deploy.ci.sh
deploy.mac.sh
deploy.sh
deployAddons.sh
depmod.sh
deps.sh
deptest.sh
derby.log
desinsecta.sql
detached-sig-apply.sh
detached-sig-create.sh
dev-build-and-push.sh
dev-build-and-up.sh
dev-push-hyperkube.sh
dev.log
dev.sh
develop.sh
development.log
df_main.sql
dfmz1203.sql
dhcp.sh
dhcpv6.sh
diag.sh
dictionary.sql
diffconfig.sh
directip.sh
dj_sql.sql
dns.alpha.kubernetes.io
doc-build.sh
docker-build.sh
docker-checker.sh
docker-entrypoint.sh
docker-run.sh
docker.sh
dockerize-disk.sh
docs.sh
doinst.sh
doit.sh
dolphin7_chinese_forum_pack.sql
dotbbs.sql
download-frozen-image.sh
download-release.sh
download.sh
doyouhaobaby.sql
dream.sql
drop-table.sql
drop-tables-innodb.sql
drop.sql
dump_file.sql
dump.rdb
Dump.rdb
dump.sh
dump.sql
Dump.sql
dump.sql.zip
dump.zip
dump1.sql
dump2.sql
dump3.sql
duplicate_finder.sql
dutydemo.sql
dwz.sql
dyn_menu.sql
eastinit.sh
ebook.sql
ecard.sql
education.sql
ee.sql
efivarfs.sh
ele.sql
emall.sql
employee.sql
employees.sql
empty.log
empty.sql
endchk.sql
enote.sql
entry.sh
entrypoint.sh
env.sh
environment.sh
epivers.sh
eroticos.zip
err.log
error.log
error.sh
errors.log
estoque_my.sql
estoque_pg.sql
estoque_sqlite.sql
estore_db.sql
etcd-apiserver-ca.crt
etcd-apiserver-client.crt
etcd-apiserver-client.key
etcd-apiserver-server.crt
etcd-apiserver-server.key
etcd-ca.crt
etcd-down.sh
etcd-peer.crt
etcd-peer.key
etcd-up.sh
etcd.sh
exam.sql
example.log
example.sh
example.sql
exec.sh
execute.sh
executed.sh
export.sh
ext_phone.sql
ext-toolchain.sh
extchg.sh
extrafield.log
fabu_demo.sql
fakecompany.sql
fanwe_qiandao.sql
faq_generator.sql
faqtable.sql
feimacms.sql
fetch.sh
ff_slide1.sql
figwheel_server.log
file.log
file.sql
final.sh
firebase-debug.log
firewall.sh
fixinc.sh
flannel.sh
flash.sh
flatfile.sql
fml-client-1.log
fml-client-2.log
fml-client-3.log
fml-client-latest.log
fml-junk-earlystartup.log
fms_create.sql
fms_drop.sql
format.sh
forum.sql
forum.zip
forumcreate.sql
forumtest.sql
forumtrigger.sql
framk_demo.sql
frcms_db.sql
freebsd.sh
freewebshop.sql
freshinoice.sql
friend.sql
functions.sh
fxdemo.sql
gb_content.sql
gcc-fat.sh
gcc-goto.sh
gcc-version.sh
gce.conf
geckodriver.log
Gemfile.lock
gen_image_generic.sh
gen_image.sh
gen_initramfs_list.sh
gen_kselftest_tar.sh
gen_rpi_sdcard_img.sh
gen_vdso_offsets.sh
gen-changelog.sh
gen-dependencies.sh
gen-pod.sh
gen-purec-patch.sh
gen-swagger-docs.sh
gen.sh
genbuild.sh
gencerts.sh
gendocs.sh
general.sql
generate_messages.sh
generate_outputs.sh
generate-authors.sh
generate-bindata.sh
generate-changelog.sh
generate-cmdlist.sh
generate-d6-content.sh
generate-d7-content.sh
generate-docs.sh
generate-images.sh
generate-object-fit-and-position-canvas-tests.sh
generate-object-fit-png-tests.sh
generate-object-fit-svg-tests.sh
generate-object-position-png-tests.sh
generate-object-position-svg-tests.sh
generate-ssl-certs.sh
generate-text-emphasis-style-property-010-tests.sh
generate.sh
generatedocs.sh
genopt.sh
genproto.sh
gestion_enseignants.sql
get-build.sh
get-kube-binaries.sh
get-kube-local.sh
get-kube.sh
get-version.sh
get.sh
getalluser.sql
getcategoryinfo.sql
getcategorys.sql
getjobinfo.sql
getlist.sql
getnewa.sql
getphotoinfo.sql
getsubcategorys.sql
getsubcatephotoinfo.sql
getuserinfo.sql
getver.sh
gggl.sql
ghostdriver.log
giejobinfo.sql
ginkgo-e2e.sh
git-gui.sh
git-prompt.sh
git-subtree-check.sh
git.sh
github-merge.sh
go.sh
godep-restore.sh
godep-save.sh
gofmt.sh
golang.sh
golint.sh
goodstype.sql
gotest.sh
goto_step.sh
gpg.sh
grab-profiles.sh
grade.sh
gradle.log
gre.sh
group_15520.sql
group_16095.sql
groupon.sql
Gruntfile.coffee
Gruntfile.js
gtcms.sql
gtoarticle.sql
gubernator.sh
guest.sql
guestbook-down.sh
guestbook-up.sh
guestbook.sql
Gulpfile.js
gym.db.sql
gzip_stream_unittest.sh
hadoop-env.sh
hadoop.sh
hbdx_baseinfo.sql
hbdx_fa.sql
hbdx.sql
hcd-tests.sh
hck.sql
headers_install.sh
headers.sh
health-monitor.sh
healthmonitoringcreate.sql
heap-checker_unittest.sh
heap-checker-death_unittest.sh
heap-profiler_unittest.sh
heartphp.sql
hello.sh
help.sh
helper.sh
helpers.sh
heroes_game.sql
hn_sessions.sql
hncms.sql
home.sql
home.sql.sql
home.sql.zip
home.zip
Homestead.yaml
hongcms.sql
hostap.sh
hostapd.sh
hostname.sh
hotel.sql
hpdesk1.sql
htaccess.sh
i.zip
i18n.sql
idc.sql
im1.sql
imacc.sql
image_upload.sql
images.sh
images.zip
imdemo.sql
import.sh
imprice.sql
imx6.sh
incent.sql
index.sh
index.sql
index.zip
info.log
init_path.sh
init-repo.sh
init.sh
init.sql
initial-setup.sh
inject_fault.sh
insert_ote.sql
insert_result.sql
insert_user.sql
insert-transaction.sql
inst.sql
install_1-1.sql
install_2-0_mysql.sql
install_2-0_postgresql.sql
install_2-0_sqlite.sql
install_about_us_page.sql
install_apache.sh
install_backend.sh
install_cron.sh
install_data.sql
install_dependencies.sh
install_django.sh
install_frontend.sh
install_land.sql
install_mysql.sql
install_os_dependencies.sh
install_policy.sh
install_postgresql.sh
install_server.sh
install-dependencies.sh
install-deps.sh
install-etcd.sh
install-release.sh
install-std-race.sh
install-wp-tests.sh
install.helloworld.sql
install.log
install.sh
install.sql
installer.sh
installextra.sql
installsql.sql
integration-tests.sh
integration.sh
intemp.sh
ios.sh
ip.sql
ipcalc.sh
ipertermia.sql
item_db.sql
itstudy_cn.sql
iwms53.sql
jbasket.sql
jdb.sql
jemalloc_mangle.sh
jemalloc_rename.sh
jemalloc.sh
jenkins_build.sh
jenkins.sh
jepsen.log
jiuwap.sql
job.sql
joomla.zip
js.zip
jsj6.sql
jsrun.sh
jurpopage-datatest.sql
jwan.sql
jx.sql
jxc001.sql
jxcms.sql
k8petstore-loadbalancer.sh
k8petstore-nodeport.sh
k8petstore.sh
kafka-cluster-install.sh
karma-completion.sh
kirkwood.sh
kitchen.log
known_tokens.csv
kok100book.sql
kreditmotor.sql
kselftest_install.sh
kshop.sql
kube-addon-update.sh
kube-addons-checker.sh
kube-addons.sh
kube-down.sh
kube-master-addons.sh
kube-node-unpacker.sh
kube-push.sh
kube-up.sh
kube-util.sh
kubeadm.sh
kubectl.sh
kubelet-checker.sh
kubelet.sh
kubernetes.tf
kucundata.sql
kvm-build.sh
kvm.sh
kyfrm_utf8.sql
kyfrm.sql
lang.sql
lantiq.sh
laravel.log
last.sql
latest.log
launch.sh
launcher.sh
ld-version.sh
leae.sql
leave.sql
led.sh
leds.sh
leipi_qrcode.sql
lib.model.schema.sql
lib.sh
libpeerconnection.log
library.sql
library.zip
Library.zip
libtensorflow_cpu.sh
lilurl.sql
lines.sh
link-vmlinux.sh
linkage.sql
linksys.sh
linqchatms-sqltablescript.sql
lint.sh
linux.sh
linweicms.sql
lirenshop.sql
liro_caixa.sql
list-arch.sh
list-feature-tests.sh
list-resources.sh
list.sh
load.sh
loadtable.sql
local-up-cluster.sh
local-up-kube-aggregator.sh
local.sh
localhost.sql
log-dump.sh
log.log
log1.log
log2.log
logfile.log
logging.sh
login.sh
login.sql
logo234.sql
loli-facemash.sql
ltmain.sh
mail_count.sql
mail.sql
main.log
main.sh
main.tf
make_bundled_docs_with_xalan.sh
make_bundled_docs.sh
make_certs.sh
make_defconfig.sh
make_lastcraft_docs.sh
make_phpdoc_docs.sh
make_windows_icon.sh
make-build-image.sh
make-ca-cert.sh
make-cert.sh
make-clean.sh
make-flash8.sh
make-flash9.sh
make-help.sh
make-ipkg-dir.sh
make-release.sh
make.sh
makedatabase.sql
makedist.sh
makespinner.sh
man.sh
manager.sh
manager.sql
map.sh
master-helper.sh
master.log
master.sh
maybe_threads_unittest.sh
mcs814x.sh
md2man-all.sh
md5.sql
mem-on-off-test.sh
member_menu.sql
member.sql
members.sql
menubase.sql
mercnotrigger.sql
merge_config.sh
merge.sh
message.sql
messageboard_backup.sql
messageboard.sql
migrate-if-needed.sh
migrate.sh
minify.sh
minikube.sh
minimize.sh
minisay.sql
misc.sh
mk_fipsbinary.sh
mk-docker-opts.sh
mk.sh
mkall.sh
mkcapflags.sh
mkdevs.sh
mkdir.sh
mkerrors.sh
mkimage-alpine.sh
mkimage-arch.sh
mkimage-busybox.sh
mkimage-crux.sh
mkimage-debootstrap.sh
mkimage-rinse.sh
mkimage-yum.sh
mkimage.sh
mkits.sh
mkmf.log
mkrelease.sh
mkreleasehdr.sh
mkshelf.sh
mksysnum_plan9.sh
mkuboot.sh
mkversion.sh
module_install.sql
module_uninstall.sql
module-setup.sh
module.sql
modules.tf
moies.sql
mon.sh
mongo-install-ubuntu.sh
monitor.sh
moo_forms.sql
mount.sh
msc_card_new.sql
msnbot.sh
mssql.sql
msvcc.sh
mt.sql
multicssql2.sql
music.sql
musicsource1.sql
musicsource2.sql
musicsource3.sql
musicsource4.sql
musicsource5.sql
musicsource6.sql
musicsource7.sql
musicsource8.sql
musicsource9.sql
musicspecia.sql
musicsqlset.sql
my_database.sql
my_imga.sql
my.sql
mybbs.sql
mybook.sql
mybookshop.sql
myfk.sql
myoa_createtable.sql
myoa_initdata.sql
myonlineexam.sql
myphp.sql
myshop.sql
mysql_config.sh
mysql_data.sql
mysql_debug.sql
mysql_default.sql
mysql_ins.sql
mysql_structure.sql
mysql.initial.sql
mysql.sh
mysql.sql
mysql.sql.zip
mysql.zip
mysqldb.sql
mysqli.sql
nand.sh
net.sql
netshop.sql
network.sh
networking.sh
new_admin.sql
new.sql
news_manage.sql
news.sql
nginx_app.conf
nginx.conf
nginx.sh
nightly.sh
node_1.log
node-helper.sh
node-role.kubernetes.io
node.sh
nodejs.sh
nohup.out
non-object-res.log
not-executed.sh
notify.sql
npm_prepublish.sh
npm-bundle-deps.sh
npm-debug.log
nuke-graph-directory.sh
nwjxt.sql
oa.sql
oadb.sql
objc-test.sh
oci-after-fixtures.sql
oci.sql
oh-my-zsh.sh
okphpcms_cs_gb.sql
okphpcms_cs_utf.sql
okphpcms_ct_b5.sql
okphpcms_ct_utf.sql
okphpcms.sql
ol_test.sql
olbs.sql
oldsite.zip
om-fwupgradecfg-gen.sh
oms.sql
on-off-test.sh
on-start.sh
ona-data.sql
ona-tables.sql
once-as-root.sh
once-as-vagrant.sh
one.tf
onez.sql
openbsd.sh
openmesh.sh
orders.sql
origin.log
os-detect.sh
osd.sh
osx.sh
ote.4.1.sql
ote.sql
out.log
output.log
output.tf
outputs.tf
pack.sh
package.sh
packager.sh
packagesdata_zh_cn_gbk.sql
packagesdata_zh_cn_utf-8.sql
packagesdata_zh_tw_utf-8.sql
packagesdata.sql
packagesstructure.sql
parameters.sh
parse-build.sh
parse-console.sh
parse-torture.sh
parse.sh
parsedocs.sh
password-hash.sh
patch-kernel.sh
patch-specs.sh
patch.sh
pcwap.sql
penggna.sql
perf-archive.sh
perf-completion.sh
perf-with-kcore.sh
person.sql
pgsql-after-fixtures.sql
pgsql.sql
phonebook.sql
photo_15520.sql
photo_16095.sql
photo.sql
photos.sql
photos.zip
photoupload.sql
php_errors.log
php-build.sh
php-yod.sh
php.sh
phpcms_db.sql
phpfoto.sql
phphtml.sql
phplist.sql
phplyb.sql
phpmmorpg.sql
phpnew.sql
phpqiye.sql
phpsso_db.sql
phpunit.sh
phpweb.sql
phpweb4_4.1.2.sql
phpweb4.sql
phurl.sql
piaoy.sql
pip.sh
pj.sql
pkg.sh
plan.sh
platform.sh
plugin_wish.sql
pocle.sql
pod-ip-test.sh
pollsetup.sql
popedom_info.sql
posix.sh
post-link.sh
post.sh
postinstall.sh
pre-commit.sh
pre-push-hook.sh
pre-unlink.sh
prebuild.sh
preinit.sh
prepare_permissioncheck.sh
preprocess.sh
prepublish.sh
price_fluctuation.sql
print_logs.sh
printenv.sh
proc_diskstats.log
proc_ps.log
proc_stat.log
procd.sh
process_scpds.sh
process.sh
prod.log
producetype.sql
product.sql
production.log
profile.sh
profiler_unittest.sh
project-stats.sh
prom_init_check.sh
provider.tf
provision-master.sh
provision-network-master.sh
provision-network-node.sh
provision-node.sh
provision-utils.sh
provision.sh
proxy_client.crt
proxy_client.key
proxy.sh
public_html.sql
publish.sh
pull.sh
puppet.sh
purify.sh
pv-recycler-template.yaml
pw_0101_b3407e6815_1.sql
pwg_rel_create.sh
python.sh
pywrap.sh
qcms_database_1.sql
qiaso.sql
qita.sql
qk_tourl.sql
qmi.sh
qq.sql
qq471311858.sql
qs.zip
quan.sql
query.sql
quiz.sql
qun.sql
rag_ragsrinfo.sql
ragel.sh
rainrock.sql
ramips.sh
rebuild.sh
recipe.sh
refman.log
regen.sh
regenerate-docs.sh
regenerate.sh
regform_mssql.sql
regform_mysql.sql
regi.sql
region.sql
regions.sql
regprod.sql
release.sh
relocate.sh
relocs_check.sh
remoe_control_m.sh
remoe_message.sh
remote.sh
remove.sh
rename.sh
report-issue.sh
report.log
report.sql
require_tool.sh
reset_tables.sql
reset.sh
restart.sh
restore-from-backup.sh
restore.sh
resume.sql
retag.sh
room.sql
root.sh
root.tf
rpm-install.sh
rpm.sh
rss.sql
rstrip.sh
rsyncd.sh
ruby.sh
run_all_tests.sh
run_fuse_test.sh
run_gluster.sh
run_nfs.sh
run_server.sh
run_test.sh
run_tests.sh
run-all.sh
run-e2e-tests.sh
run-in-gopath.sh
run-test.sh
run-tests.sh
run-unit-tests.sh
run.log
run.sh
runall.sh
runfakepopserver.sh
runme.sh
runner.sh
runserver.sh
runtest.sh
runtests.sh
sachat.sql
sales.sql
salt-master.sh
salt-minion.sh
sample.log
samples.sql
sanity.sh
santosh.sql
sauce_connect_setup.sh
say.sql
sc.sql
scheduler.sh
schema.sql
scheme.sql
score_change_new.sql
script.postdeployment.sql
script.predeployment.sql
script.sh
script.sql
scrtumusicaperdida.sql
scss.sh
search.sql
security.sql
sell_na.sql
send.sh
seo_taobao_shops.sql
serve.sh
server.cert
server.key
server.log
server.sh
service.sh
serviceaccount.crt
serviceaccount.key
services.sh
session.sql
sessionmgr2.sql
sessions.sql
set-defaults.sh
setenv.sh
settings.sh
setup_env.sh
setup_host.sh
setup_tc.sh
setup-legacy.sh
setup.sh
setup.sql
setup2000.sql
setup2005.sql
sftp-config.json
sh.sh
shadercompiler-64bit-1.log
shell-smoke-test.sh
shell.sh
shiro.sql
shop.sql
shopper.sql
shopping.sql
shoppingdb.sql
show_na.sql
shutdown.sh
siap_db(2).sql
side.sql
sign.sh
simple_gbook.sql
simple.log
simple.sql
simpleboard.sql
simpleote.sql
simplevote.sql
simulate_mti.sh
simulate_ncsim.sh
site.sql
site.sql.zip
siyu.sql
size_classes.sh
skalinks_mysql_dump.sql
slaves.sh
snapshot.sh
solaris.sh
soyeah.sql
sp_loe.sql
spark-cluster-install.sh
spcmf.sql
specs.sh
speed.sh
spi1.sh
sql_content.sql
sql_create.sql
sql_insert.sql
sql_write.sql
sql.sql
sql.sql.zip
sql.zip
sqlbook.sql
sqldump.sql
sqlite_ins.sql
sqlite.initial.sql
sqlite.sql
sqlite3.sql
sqlmessage.sql
sqlserer.sql
ss_database_backup.sql
ssh.sh
sshd.sh
sss.sql
stacktrace.log
stage-upload.sh
start_server.sh
start_tunnel.sh
start-all.sh
start-kubemark-master.sh
start-kubemark.sh
start-serer.sh
start-server.sh
start.sh
startbbs.sql
startup.sh
status.sh
stop-all.sh
stop-kubemark.sh
stop.sh
store.sql
strip-kmod.sh
struc2003310.sql
struct.sql
structure.sql
student.sql
studentdb.sql
studentloginpro.sql
students.sql
sub.tf
submit.sh
subnets.tf
sudoers.sh
suites.sh
supervisor_watcher.sh
supplier_show_sql.sql
supplier_sql.sql
sut.log
svn.sh
swagger.sh
swbaike_bak.sql
switch.sh
swzl.sql
sync.sh
syncext.sh
system_setting.sql
system.sh
t_qq.sql
table_01.sql
table_02.sql
table_structure.sql
table.sql
tables.sql
tag-release.sh
tags.sh
tankdb.sql
taobaoapi.sql
task_control.sql
task.sh
taygod.sql
tb_demo.sql
tbl_user.sql
tc.sh
tea.sql
teardown_tunnel.sh
teardown.sh
tellhow.sql
temp.sql
temp.sql.zip
test_all.sh
test_bpf.sh
test_command.sh
test_daemon.sh
test_editor.sh
test_graceful_restart.sh
test_large_file.sh
test_script.sh
test_static_keys.sh
test_udp_src.sh
test_user_copy.sh
test_weekofyear.sh
test-e2e.sh
test-go.sh
test-init.sh
test-integration.sh
test-kubeadm-cmd.sh
test-lib.sh
test-network.sh
test-patch.sh
test-performance.sh
test-smoke.sh
test-update-storage-objects.sh
test.log
test.sh
test.sql
test.zip
testdata.sql
testenv.sh
testing.sh
testonsauce.sh
testparams.sh
tests.sh
testserver.sh
testsql.sql
testsuite.sh
texput.log
theme_chooser.sh
tianyalvs.sql
tidy_datadir.sh
timing.sh
tk_item.sql
tmenu.sql
todo.sql
token_auth.csv
tokobuku_online.sql
touch-up.sh
train.sh
transfer.sql
travis_install.sh
travis_test.sh
travis-build.sh
travis.sh
tree_utf8_mysql.sql
trigger.sql
tslib.sh
tsvtojson.sh
tuxera_update.sh
two.tf
txnmall.sh
ubinize-image.sh
uboot-envtools.sh
ubuntu-juju.sh
ubuntu.sh
uci-defaults.sh
uci.sh
udelay_test.sh
udev-install.sh
uncached-npm-install.sh
undeploy.sh
undo-release.sh
uninst.sql
uninstall_about_us_page.sql
uninstall.helloworld.sql
uninstall.sh
uninstall.sql
unpax-icu.sh
unpublish.sh
untag-release.sh
up.sh
upd_rc3fin.sql
update_authors.sh
update_category_.sql
update_logger_admin.sql
update_mysql.sql
update_referer.sql
update_team.sql
update_version.sh
update-all.sh
update-angular.sh
update-api-reference-docs.sh
update-authors.sh
update-bazel.sh
update-closure.sh
update-codecgen.sh
update-codegen.sh
update-countries.sh
update-coverage.sh
update-dtc-source.sh
update-generated-conversions.sh
update-generated-deep-copies.sh
update-generated-docs.sh
update-generated-protobuf-dockerized.sh
update-generated-protobuf.sh
update-generated-runtime-dockerized.sh
update-generated-runtime.sh
update-generated-swagger-docs.sh
update-gh-pages.sh
update-godep-licenses.sh
update-gofmt.sh
update-openapi-spec.sh
update-repo.sh
update-storage-objects.sh
update-swagger-spec.sh
update-translations.sh
update-vendor.sh
update.sh
update.sql
update0.1.sql
update0.3.sql
update0.4.sql
update0.5.sql
update0.6.sql
update1.0.1.sql
update1.0.beta.sql
update1.0.rc1.sql
update1.1.sql
update1.2.sql
update1.3.sql
update1.4.sql
update1.5.sql
update2.0.sql
update2.1.sql
update2.2.sql
update2.3.sql
update2.4.sql
update3.0.beta1.sql
update3.1.sql
update3.2.1.sql
update3.2.sql
update3.3.sql
update4.0.1.sql
update4.0.beta1.sql
update4.0.beta2.sql
update4.0.sql
update4.1.sql
update4.2.sql
update4.3.sql
update5.2.1.sql
update6.0.beta1.sql
update6.0.sql
update6.1.sql
update7.0.sql
updatecategory.sql
updatephoto.sql
updatepro1.0.sql
updatepwd.sql
updatestudentpro.sql
updateuser.sql
upgrade_1.0.sql
upgrade_1.1.sql
upgrade_1.2.sql
upgrade_base_10.sql
upgrade_base_11.sql
upgrade_base_12.sql
upgrade_base_13.sql
upgrade_base_14.sql
upgrade_latest.sql
upgrade_new.sql
upgrade_sn58.sql
upgrade_to_1.2.5.sql
upgrade_to_1.2.6.sql
upgrade_to_1.2.sql
upgrade.1.1.3-1.1.4.sql
upgrade.1.1.4-1.2.0.sql
upgrade.sh
upgrade.sql
upgrade3.3.sql
upload-to-gcs.sh
upload.sh
upload.sql
upload.sql.zip
url_1.sql
url_2.sql
uscms.sql
use9.sql
user_1w.sql
user.sql
userdata.sh
userinfo.sql
userpro.sql
users.sql
users.sql.zip
users.zip
usertellhow.sql
util.sh
utils.sh
uunnw.sql
v8.log
vagrant.sh
valgrind.sh
validate-cluster.sh
validate.sh
validateuser.sql
variables.tf
vars.sh
vb.sql
vb.zip
vendor.sh
ver_functions.sh
verify-all.sh
verify-api-groups.sh
verify-api-reference-docs.sh
verify-bazel.sh
verify-boilerplate.sh
verify-cli-conventions.sh
verify-codegen.sh
verify-description.sh
verify-dockerized.sh
verify-generated-conversions.sh
verify-generated-deep-copies.sh
verify-generated-docs.sh
verify-generated-protobuf.sh
verify-generated-runtime.sh
verify-generated-swagger-docs.sh
verify-godep-licenses.sh
verify-godeps.sh
verify-gofmt.sh
verify-golint.sh
verify-govet.sh
verify-import-boss.sh
verify-linkcheck.sh
verify-openapi-spec.sh
verify-pkg-names.sh
verify-readonly-packages.sh
verify-swagger-spec.sh
verify-symbols.sh
verify-test-images.sh
verify-test-owners.sh
verify.sh
version-gen.sh
version.sh
versions.tf
vet.sh
viicms.sql
virtualbox.sh
vitess-down.sh
vitess-up.sh
vone.sql
vote.sql
vtctld-down.sh
vtctld-up.sh
vtgate-down.sh
vtgate-up.sh
vttablet-down.sh
vttablet-up.sh
waimai.sql
wait-for-it.sh
wait.sh
watch.sh
waterfall.sql
wd.sh
web_star.sql
web-life.sql
web-new.sql
web.config
web.sql
web.sql.zip
web.zip
web800.sql
webadmin.sql
weboffice_mysql.sql
weboffice.sql
webstats.sql
webtalk.log
wechat_robot_plus.sql
wechat.sql
westinit.sh
westrun.sh
wforders.sql
whatisdoing.sh
whitebox_test.sh
whitespace.sh
win2unix.sql
windbook.sql
windows.sh
windtest.sh
wingdomain.sql
wish.sql
with_venv.sh
withreq.log
work.sql
worker.sh
worklog.sql
works_db.sql
wp.sql
wp.zip
wpa_supplicant.sh
wps-hotplug.sh
wps.sql
wqcms59.sql
wqcms60.sql
wrapmake.sh
wrapper.sh
ws.zip
wubi.sql
www.sh
www.sql
www.sql.sql
www.sql.zip
www.zip
wwwroot.sql
wwwroot.zip
xh.sql
xhad.sql
xhote_utf.sql
xmcms.sql
xsd.sql
xt.sql
yarn-error.log
ym.sql
ymguestbook.sql
yt_weibo.sql
yum.sh
zerodisk.sh
zone.sql
zookeeper.log
zram.sh
zycrm.sql
zyiis.sql